<html>
<body>
<pre>
<h1>µVision Build Log</h1>
<h2>Tool Versions:</h2>
IDE-Version: ¦ÌVision V5.17.0.0
Copyright (C) 2015 ARM Ltd and ARM Germany GmbH. All rights reserved.
License Information: liu Microsoft, Microsoft, LIC=X96Z9-41W4G-G7TR6-DKBXZ-UGX9B-VT7E7
 
Tool Versions:
Toolchain:       MDK-ARM Standard  Version: 5.17
Toolchain Path:  C:\Keil_v5\ARM\ARMCC\Bin
C Compiler:      Armcc.exe V5.06 update 1 (build 61)
Assembler:       Armasm.exe V5.06 update 1 (build 61)
Linker/Locator:  ArmLink.exe V5.06 update 1 (build 61)
Library Manager: ArmAr.exe V5.06 update 1 (build 61)
Hex Converter:   FromElf.exe V5.06 update 1 (build 61)
CPU DLL:         SARMCM3.DLL V5.17
Dialog DLL:      DCM.DLL V1.13.4.0
Target DLL:      STLink\ST-LINKIII-KEIL_SWO.dll V2.0.18.0
Dialog DLL:      TCM.DLL V1.14.6.0
 
<h2>Project:</h2>
Q:\fpga\28_fsmc\stm32\fsmc.uvprojx
Project File Date:  05/13/2017

<h2>Output:</h2>
*** Using Compiler 'V5.06 update 1 (build 61)', folder: 'C:\Keil_v5\ARM\ARMCC\Bin'
Rebuild target 'Target 1'
assembling startup_stm32f40_41xxx.s...
compiling timer3.c...
driver\timer3.c(85): warning:  #177-D: variable "counter" was declared but never referenced
  	static int counter = 0;
driver\timer3.c: 1 warning, 0 errors
compiling led.c...
compiling stm32f4xx_it.c...
compiling system_stm32f4xx.c...
compiling fsmc.c...
compiling systick.c...
compiling one_wire_crc.c...
compiling main.c...
main\..\include\bsp_internalFlash.h(50): warning:  #1295-D: Deprecated declaration write_FPGAPCB_VER - give arg types
  int write_FPGAPCB_VER();
main\..\include\fpga2cpu_cmd.h(57): warning:  #1-D: last line of file ends without a newline
  #endif
main\main.c(168): warning:  #1035-D: single-precision operand implicitly converted to double-precision
  		float VBAT=adc.value[1]*
aramvbat;
main\main.c(169): warning:  #1035-D: single-precision operand implicitly converted to double-precision
  		if(VCC3_3<
hres_v3_3)
main\main.c(217): warning:  #177-D: variable "i" was declared but never referenced
  	int i;
main\main.c(218): warning:  #177-D: variable "data" was declared but never referenced
  	char data=0;
main\main.c(219): warning:  #177-D: variable "fsmc_read_data" was declared but never referenced
  	unsigned short int fsmc_read_data;
main\main.c: 7 warnings, 0 errors
compiling adc.c...
compiling exti.c...
driver\..\include\fpga2cpu_cmd.h(57): warning:  #1-D: last line of file ends without a newline
  #endif
driver\exti.c(98): warning:  #177-D: variable "i" was declared but never referenced
  	int i;
driver\exti.c(99): warning:  #177-D: variable "work_status" was declared but never referenced
  	static int work_status = 0;
driver\exti.c: 3 warnings, 0 errors
compiling one_wire_hal.c...
compiling bsp_internalFlash.c...
driver\../include/bsp_internalFlash.h(50): warning:  #1295-D: Deprecated declaration write_FPGAPCB_VER - give arg types
  int write_FPGAPCB_VER();
driver\bsp_internalFlash.c(155): warning:  #940-D: missing return statement at end of non-void function "InternalFlash_Test"
  }
driver\bsp_internalFlash.c(246): warning:  #940-D: missing return statement at end of non-void function "readflash"
  }
driver\bsp_internalFlash.c(221): warning:  #177-D: variable "uwStartSector" was declared but never referenced
  	uint32_t uwStartSector = 0;
driver\bsp_internalFlash.c(222): warning:  #177-D: variable "uwEndSector" was declared but never referenced
  	uint32_t uwEndSector = 0;
driver\bsp_internalFlash.c(225): warning:  #177-D: variable "uwSectorCounter" was declared but never referenced
  	uint32_t uwSectorCounter = 0;
driver\bsp_internalFlash.c: 6 warnings, 0 errors
compiling one_wire_rom_func.c...
compiling delay.c...
compiling one_wire_net.c...
compiling fpga2cpu_cmd.c...
.\include\../include/fpga2cpu_cmd.h(57): warning:  #1-D: last line of file ends without a newline
  #endif
.\include\../include/bsp_internalFlash.h(50): warning:  #1295-D: Deprecated declaration write_FPGAPCB_VER - give arg types
  int write_FPGAPCB_VER();
fpga2cpu_cmd.c(267): warning:  #1-D: last line of file ends without a newline
  }
fpga2cpu_cmd.c(165): warning:  #177-D: variable "tempdata1" was declared but never referenced
  	char tempdata1=0;
fpga2cpu_cmd.c: 4 warnings, 0 errors
compiling misc.c...
compiling stm32f4xx_fsmc.c...
compiling stm32f4xx_gpio.c...
compiling stm32f4xx_syscfg.c...
compiling stm32f4xx_rcc.c...
compiling stm32f4xx_tim.c...
compiling stm32f4xx_exti.c...
compiling stm32f4xx_flash.c...
compiling stm32f4xx_adc.c...
linking...
Program Size: Code=10888 RO-data=424 RW-data=404 ZI-data=25476  
".\Objects\fsmc.axf" - 0 Error(s), 21 Warning(s).

<h2>Software Packages used:</h2>

Package Vendor: ARM
                http://www.keil.com/pack/ARM.CMSIS.4.5.0.pack
                ARM::CMSIS:CORE:4.3.0
                CMSIS (Cortex Microcontroller Software Interface Standard)
   * Component: CORE Version: 4.3.0

<h2>Collection of Component include folders:</h2>
  Q:\fpga\28_fsmc\stm32\RTE
  C:\Keil_v5\ARM\PACK\ARM\CMSIS\4.5.0\CMSIS\Include
  C:\Keil_v5\ARM\PACK\Keil\STM32F4xx_DFP\2.7.0\Drivers\CMSIS\Device\ST\STM32F4xx\Include

<h2>Collection of Component Files used:</h2>

   * Component: ARM::CMSIS:CORE:4.3.0
Build Time Elapsed:  00:00:03
</pre>
</body>
</html>
