Component: ARM Compiler 5.06 update 1 (build 61) Tool: armlink [4d35a8]

==============================================================================

Section Cross References

    startup_stm32f40_41xxx.o(STACK) refers (Special) to heapauxi.o(.text) for __use_two_region_memory
    startup_stm32f40_41xxx.o(HEAP) refers (Special) to heapauxi.o(.text) for __use_two_region_memory
    startup_stm32f40_41xxx.o(RESET) refers (Special) to heapauxi.o(.text) for __use_two_region_memory
    startup_stm32f40_41xxx.o(RESET) refers to startup_stm32f40_41xxx.o(STACK) for __initial_sp
    startup_stm32f40_41xxx.o(RESET) refers to startup_stm32f40_41xxx.o(.text) for Reset_Handler
    startup_stm32f40_41xxx.o(RESET) refers to stm32f4xx_it.o(i.NMI_Handler) for NMI_Handler
    startup_stm32f40_41xxx.o(RESET) refers to stm32f4xx_it.o(i.HardFault_Handler) for HardFault_Handler
    startup_stm32f40_41xxx.o(RESET) refers to stm32f4xx_it.o(i.MemManage_Handler) for MemManage_Handler
    startup_stm32f40_41xxx.o(RESET) refers to stm32f4xx_it.o(i.BusFault_Handler) for BusFault_Handler
    startup_stm32f40_41xxx.o(RESET) refers to stm32f4xx_it.o(i.UsageFault_Handler) for UsageFault_Handler
    startup_stm32f40_41xxx.o(RESET) refers to stm32f4xx_it.o(i.SVC_Handler) for SVC_Handler
    startup_stm32f40_41xxx.o(RESET) refers to stm32f4xx_it.o(i.DebugMon_Handler) for DebugMon_Handler
    startup_stm32f40_41xxx.o(RESET) refers to stm32f4xx_it.o(i.PendSV_Handler) for PendSV_Handler
    startup_stm32f40_41xxx.o(RESET) refers to systick.o(i.SysTick_Handler) for SysTick_Handler
    startup_stm32f40_41xxx.o(RESET) refers to exti.o(i.EXTI9_5_IRQHandler) for EXTI9_5_IRQHandler
    startup_stm32f40_41xxx.o(RESET) refers to timer3.o(i.TIM3_IRQHandler) for TIM3_IRQHandler
    startup_stm32f40_41xxx.o(.text) refers (Special) to heapauxi.o(.text) for __use_two_region_memory
    startup_stm32f40_41xxx.o(.text) refers to system_stm32f4xx.o(i.SystemInit) for SystemInit
    startup_stm32f40_41xxx.o(.text) refers to __main.o(!!!main) for __main
    startup_stm32f40_41xxx.o(.text) refers to startup_stm32f40_41xxx.o(HEAP) for Heap_Mem
    startup_stm32f40_41xxx.o(.text) refers to startup_stm32f40_41xxx.o(STACK) for Stack_Mem
    main.o(i.ad_powerup) refers to main.o(i.delayms) for delayms
    main.o(i.adstart) refers to main.o(i.delay) for delay
    main.o(i.delayms) refers to systick.o(.data) for systick
    main.o(i.main) refers to one_wire_net.o(i.one_wire_family_search) for one_wire_family_search
    main.o(i.main) refers to delay.o(i.delay_ms) for delay_ms
    main.o(i.main) refers to main.o(i.task_pwtest) for task_pwtest
    main.o(i.main) refers to fpga2cpu_cmd.o(i.task_devicestatus) for task_devicestatus
    main.o(i.main) refers to led.o(.data) for led
    main.o(i.main) refers to fsmc.o(.data) for fsmc
    main.o(i.main) refers to timer3.o(.data) for timer3
    main.o(i.main) refers to exti.o(.data) for exti
    main.o(i.main) refers to adc.o(.data) for adc
    main.o(i.main) refers to systick.o(.data) for systick
    main.o(i.main) refers to one_wire_hal.o(.bss) for one_wire_data
    main.o(i.main) refers to one_wire_hal.o(.data) for one_wire_device_num
    main.o(i.spiread) refers to main.o(i.delay) for delay
    main.o(i.spiwrite) refers to main.o(i.delay) for delay
    main.o(i.task_pwtest) refers to f2d.o(x$fpl$f2d) for __aeabi_f2d
    main.o(i.task_pwtest) refers to dmul.o(x$fpl$dmul) for __aeabi_dmul
    main.o(i.task_pwtest) refers to d2f.o(x$fpl$d2f) for __aeabi_d2f
    main.o(i.task_pwtest) refers to dleqf.o(x$fpl$dleqf) for __aeabi_cdcmple
    main.o(i.task_pwtest) refers to stm32f4xx_gpio.o(i.GPIO_ReadInputDataBit) for GPIO_ReadInputDataBit
    main.o(i.task_pwtest) refers to stm32f4xx_gpio.o(i.GPIO_ToggleBits) for GPIO_ToggleBits
    main.o(i.task_pwtest) refers to stm32f4xx_gpio.o(i.GPIO_SetBits) for GPIO_SetBits
    main.o(i.task_pwtest) refers to stm32f4xx_gpio.o(i.GPIO_ResetBits) for GPIO_ResetBits
    main.o(i.task_pwtest) refers to adc.o(.data) for adc
    fsmc.o(i.initialize) refers to stm32f4xx_rcc.o(i.RCC_AHB3PeriphClockCmd) for RCC_AHB3PeriphClockCmd
    fsmc.o(i.initialize) refers to stm32f4xx_rcc.o(i.RCC_AHB1PeriphClockCmd) for RCC_AHB1PeriphClockCmd
    fsmc.o(i.initialize) refers to stm32f4xx_gpio.o(i.GPIO_PinAFConfig) for GPIO_PinAFConfig
    fsmc.o(i.initialize) refers to stm32f4xx_gpio.o(i.GPIO_Init) for GPIO_Init
    fsmc.o(i.initialize) refers to stm32f4xx_fsmc.o(i.FSMC_NORSRAMInit) for FSMC_NORSRAMInit
    fsmc.o(i.initialize) refers to stm32f4xx_fsmc.o(i.FSMC_NORSRAMCmd) for FSMC_NORSRAMCmd
    fsmc.o(.data) refers to fsmc.o(i.initialize) for initialize
    led.o(i.initialize) refers to stm32f4xx_rcc.o(i.RCC_AHB1PeriphClockCmd) for RCC_AHB1PeriphClockCmd
    led.o(i.initialize) refers to stm32f4xx_gpio.o(i.GPIO_Init) for GPIO_Init
    led.o(i.initialize) refers to stm32f4xx_gpio.o(i.GPIO_SetBits) for GPIO_SetBits
    led.o(.data) refers to led.o(i.initialize) for initialize
[...]
    ../clib/angel/sysapp.c                   0x00000000   Number         0  sys_exit.o ABSOLUTE
    ../clib/angel/sysapp.c                   0x00000000   Number         0  sys_wrch.o ABSOLUTE
    ../clib/armsys.c                         0x00000000   Number         0  argv_veneer.o ABSOLUTE
    ../clib/armsys.c                         0x00000000   Number         0  no_argv.o ABSOLUTE
    ../clib/armsys.c                         0x00000000   Number         0  _get_argv_nomalloc.o ABSOLUTE
    ../clib/armsys.c                         0x00000000   Number         0  argv_veneer.o ABSOLUTE
    ../clib/heapalloc.c                      0x00000000   Number         0  hrguard.o ABSOLUTE
    ../clib/heapaux.c                        0x00000000   Number         0  heapauxi.o ABSOLUTE
    ../clib/libinit.s                        0x00000000   Number         0  libshutdown.o ABSOLUTE
    ../clib/libinit.s                        0x00000000   Number         0  libinit2.o ABSOLUTE
    ../clib/libinit.s                        0x00000000   Number         0  libshutdown2.o ABSOLUTE
    ../clib/libinit.s                        0x00000000   Number         0  libinit.o ABSOLUTE
    ../clib/memcpset.s                       0x00000000   Number         0  rt_memclr_w.o ABSOLUTE
    ../clib/memcpset.s                       0x00000000   Number         0  rt_memclr.o ABSOLUTE
    ../clib/memcpset.s                       0x00000000   Number         0  rt_memcpy_v6.o ABSOLUTE
    ../clib/memcpset.s                       0x00000000   Number         0  rt_memcpy_w.o ABSOLUTE
    ../clib/signal.c                         0x00000000   Number         0  defsig_cppl_inner.o ABSOLUTE
    ../clib/signal.c                         0x00000000   Number         0  defsig_pvfn_inner.o ABSOLUTE
    ../clib/signal.c                         0x00000000   Number         0  defsig_stak_inner.o ABSOLUTE
    ../clib/signal.c                         0x00000000   Number         0  defsig_rtred_inner.o ABSOLUTE
    ../clib/signal.c                         0x00000000   Number         0  defsig_fpe_inner.o ABSOLUTE
    ../clib/signal.c                         0x00000000   Number         0  defsig_abrt_inner.o ABSOLUTE
    ../clib/signal.c                         0x00000000   Number         0  defsig_general.o ABSOLUTE
    ../clib/signal.c                         0x00000000   Number         0  __raise.o ABSOLUTE
    ../clib/signal.c                         0x00000000   Number         0  defsig_rtmem_inner.o ABSOLUTE
    ../clib/signal.c                         0x00000000   Number         0  defsig_exit.o ABSOLUTE
    ../clib/signal.c                         0x00000000   Number         0  defsig_rtmem_formal.o ABSOLUTE
    ../clib/signal.c                         0x00000000   Number         0  defsig_rtmem_outer.o ABSOLUTE
    ../clib/signal.c                         0x00000000   Number         0  defsig_other.o ABSOLUTE
    ../clib/signal.c                         0x00000000   Number         0  defsig_segv_inner.o ABSOLUTE
    ../clib/signal.s                         0x00000000   Number         0  defsig.o ABSOLUTE
    ../clib/stdlib.c                         0x00000000   Number         0  exit.o ABSOLUTE
    ../fplib/d2f.s                           0x00000000   Number         0  d2f.o ABSOLUTE
    ../fplib/dcmpi.s                         0x00000000   Number         0  dcmpi.o ABSOLUTE
    ../fplib/ddiv.s                          0x00000000   Number         0  ddiv.o ABSOLUTE
    ../fplib/dflt.s                          0x00000000   Number         0  dflt_clz.o ABSOLUTE
    ../fplib/dleqf.s                         0x00000000   Number         0  dleqf.o ABSOLUTE
    ../fplib/dmul.s                          0x00000000   Number         0  dmul.o ABSOLUTE
    ../fplib/dnaninf.s                       0x00000000   Number         0  dnaninf.o ABSOLUTE
    ../fplib/dretinf.s                       0x00000000   Number         0  dretinf.o ABSOLUTE
    ../fplib/f2d.s                           0x00000000   Number         0  f2d.o ABSOLUTE
    ../fplib/fnaninf.s                       0x00000000   Number         0  fnaninf.o ABSOLUTE
    ../fplib/fpinit.s                        0x00000000   Number         0  fpinit.o ABSOLUTE
    ../fplib/fretinf.s                       0x00000000   Number         0  fretinf.o ABSOLUTE
    ../fplib/usenofp.s                       0x00000000   Number         0  usenofp.o ABSOLUTE
    dc.s                                     0x00000000   Number         0  dc.o ABSOLUTE
    driver\1-wire_driver\common\one_wire_crc.c 0x00000000   Number         0  one_wire_crc.o ABSOLUTE
    driver\1-wire_driver\common\one_wire_hal.c 0x00000000   Number         0  one_wire_hal.o ABSOLUTE
    driver\1-wire_driver\common\one_wire_net.c 0x00000000   Number         0  one_wire_net.o ABSOLUTE
    driver\1-wire_driver\common\one_wire_rom_func.c 0x00000000   Number         0  one_wire_rom_func.o ABSOLUTE
    driver\\1-wire_driver\\common\\one_wire_hal.c 0x00000000   Number         0  one_wire_hal.o ABSOLUTE
    driver\\1-wire_driver\\common\\one_wire_net.c 0x00000000   Number         0  one_wire_net.o ABSOLUTE
    driver\\1-wire_driver\\common\\one_wire_rom_func.c 0x00000000   Number         0  one_wire_rom_func.o ABSOLUTE
    driver\\adc.c                            0x00000000   Number         0  adc.o ABSOLUTE
    driver\\bsp_internalFlash.c              0x00000000   Number         0  bsp_internalflash.o ABSOLUTE
    driver\\delay.c                          0x00000000   Number         0  delay.o ABSOLUTE
    driver\\exti.c                           0x00000000   Number         0  exti.o ABSOLUTE
    driver\\fsmc.c                           0x00000000   Number         0  fsmc.o ABSOLUTE
    driver\\led.c                            0x00000000   Number         0  led.o ABSOLUTE
    driver\\stm32f4xx_it.c                   0x00000000   Number         0  stm32f4xx_it.o ABSOLUTE
    driver\\system_stm32f4xx.c               0x00000000   Number         0  system_stm32f4xx.o ABSOLUTE
    driver\\systick.c                        0x00000000   Number         0  systick.o ABSOLUTE
    driver\\timer3.c                         0x00000000   Number         0  timer3.o ABSOLUTE
    driver\adc.c                             0x00000000   Number         0  adc.o ABSOLUTE
    driver\bsp_internalFlash.c               0x00000000   Number         0  bsp_internalflash.o ABSOLUTE
    driver\delay.c                           0x00000000   Number         0  delay.o ABSOLUTE
    driver\exti.c                            0x00000000   Number         0  exti.o ABSOLUTE
    driver\fsmc.c                            0x00000000   Number         0  fsmc.o ABSOLUTE
    driver\led.c                             0x00000000   Number         0  led.o ABSOLUTE
    driver\stm32f4xx_it.c                    0x00000000   Number         0  stm32f4xx_it.o ABSOLUTE
    driver\system_stm32f4xx.c                0x00000000   Number         0  system_stm32f4xx.o ABSOLUTE
    driver\systick.c                         0x00000000   Number         0  systick.o ABSOLUTE
    driver\timer3.c                          0x00000000   Number         0  timer3.o ABSOLUTE
    fpga2cpu_cmd.c                           0x00000000   Number         0  fpga2cpu_cmd.o ABSOLUTE
    fpga2cpu_cmd.c                           0x00000000   Number         0  fpga2cpu_cmd.o ABSOLUTE
    fwlib\\src\\misc.c                       0x00000000   Number         0  misc.o ABSOLUTE
    fwlib\\src\\stm32f4xx_adc.c              0x00000000   Number         0  stm32f4xx_adc.o ABSOLUTE
    fwlib\\src\\stm32f4xx_exti.c             0x00000000   Number         0  stm32f4xx_exti.o ABSOLUTE
    fwlib\\src\\stm32f4xx_flash.c            0x00000000   Number         0  stm32f4xx_flash.o ABSOLUTE
    fwlib\\src\\stm32f4xx_fsmc.c             0x00000000   Number         0  stm32f4xx_fsmc.o ABSOLUTE
    fwlib\\src\\stm32f4xx_gpio.c             0x00000000   Number         0  stm32f4xx_gpio.o ABSOLUTE
    fwlib\\src\\stm32f4xx_rcc.c              0x00000000   Number         0  stm32f4xx_rcc.o ABSOLUTE
    fwlib\\src\\stm32f4xx_syscfg.c           0x00000000   Number         0  stm32f4xx_syscfg.o ABSOLUTE
    fwlib\\src\\stm32f4xx_tim.c              0x00000000   Number         0  stm32f4xx_tim.o ABSOLUTE
    fwlib\src\misc.c                         0x00000000   Number         0  misc.o ABSOLUTE
    fwlib\src\stm32f4xx_adc.c                0x00000000   Number         0  stm32f4xx_adc.o ABSOLUTE
    fwlib\src\stm32f4xx_exti.c               0x00000000   Number         0  stm32f4xx_exti.o ABSOLUTE
    fwlib\src\stm32f4xx_flash.c              0x00000000   Number         0  stm32f4xx_flash.o ABSOLUTE
    fwlib\src\stm32f4xx_fsmc.c               0x00000000   Number         0  stm32f4xx_fsmc.o ABSOLUTE
    fwlib\src\stm32f4xx_gpio.c               0x00000000   Number         0  stm32f4xx_gpio.o ABSOLUTE
    fwlib\src\stm32f4xx_rcc.c                0x00000000   Number         0  stm32f4xx_rcc.o ABSOLUTE
    fwlib\src\stm32f4xx_syscfg.c             0x00000000   Number         0  stm32f4xx_syscfg.o ABSOLUTE
    fwlib\src\stm32f4xx_tim.c                0x00000000   Number         0  stm32f4xx_tim.o ABSOLUTE
    main\\main.c                             0x00000000   Number         0  main.o ABSOLUTE
    main\main.c                              0x00000000   Number         0  main.o ABSOLUTE
    startup_stm32f40_41xxx.s                 0x00000000   Number         0  startup_stm32f40_41xxx.o ABSOLUTE
    RESET                                    0x08000000   Section      392  startup_stm32f40_41xxx.o(RESET)
    !!!main                                  0x08000188   Section        8  __main.o(!!!main)
    !!!scatter                               0x08000190   Section       52  __scatter.o(!!!scatter)
    !!dczerorl2                              0x080001c4   Section       90  __dczerorl2.o(!!dczerorl2)
    !!handler_zi                             0x08000220   Section       28  __scatter_zi.o(!!handler_zi)
    .ARM.Collect$$libinit$$00000000          0x0800023c   Section        2  libinit.o(.ARM.Collect$$libinit$$00000000)
    .ARM.Collect$$libinit$$00000001          0x0800023e   Section        4  libinit2.o(.ARM.Collect$$libinit$$00000001)
    .ARM.Collect$$libinit$$00000004          0x08000242   Section        0  libinit2.o(.ARM.Collect$$libinit$$00000004)
    .ARM.Collect$$libinit$$0000000A          0x08000242   Section        0  libinit2.o(.ARM.Collect$$libinit$$0000000A)
    .ARM.Collect$$libinit$$0000000C          0x08000242   Section        0  libinit2.o(.ARM.Collect$$libinit$$0000000C)
    .ARM.Collect$$libinit$$0000000E          0x08000242   Section        0  libinit2.o(.ARM.Collect$$libinit$$0000000E)
    .ARM.Collect$$libinit$$00000011          0x08000242   Section        0  libinit2.o(.ARM.Collect$$libinit$$00000011)
    .ARM.Collect$$libinit$$00000013          0x08000242   Section        0  libinit2.o(.ARM.Collect$$libinit$$00000013)
    .ARM.Collect$$libinit$$00000015          0x08000242   Section        0  libinit2.o(.ARM.Collect$$libinit$$00000015)
    .ARM.Collect$$libinit$$00000017          0x08000242   Section        0  libinit2.o(.ARM.Collect$$libinit$$00000017)
    .ARM.Collect$$libinit$$00000019          0x08000242   Section        0  libinit2.o(.ARM.Collect$$libinit$$00000019)
    .ARM.Collect$$libinit$$0000001B          0x08000242   Section        0  libinit2.o(.ARM.Collect$$libinit$$0000001B)
    .ARM.Collect$$libinit$$0000001D          0x08000242   Section        0  libinit2.o(.ARM.Collect$$libinit$$0000001D)
    .ARM.Collect$$libinit$$0000001F          0x08000242   Section        0  libinit2.o(.ARM.Collect$$libinit$$0000001F)
    .ARM.Collect$$libinit$$00000021          0x08000242   Section        0  libinit2.o(.ARM.Collect$$libinit$$00000021)
    .ARM.Collect$$libinit$$00000023          0x08000242   Section        0  libinit2.o(.ARM.Collect$$libinit$$00000023)
    .ARM.Collect$$libinit$$00000025          0x08000242   Section        0  libinit2.o(.ARM.Collect$$libinit$$00000025)
    .ARM.Collect$$libinit$$0000002C          0x08000242   Section        0  libinit2.o(.ARM.Collect$$libinit$$0000002C)
    .ARM.Collect$$libinit$$0000002E          0x08000242   Section        0  libinit2.o(.ARM.Collect$$libinit$$0000002E)
    .ARM.Collect$$libinit$$00000030          0x08000242   Section        0  libinit2.o(.ARM.Collect$$libinit$$00000030)
    .ARM.Collect$$libinit$$00000032          0x08000242   Section        0  libinit2.o(.ARM.Collect$$libinit$$00000032)
    .ARM.Collect$$libinit$$00000033          0x08000242   Section        2  libinit2.o(.ARM.Collect$$libinit$$00000033)
    .ARM.Collect$$libshutdown$$00000000      0x08000244   Section        2  libshutdown.o(.ARM.Collect$$libshutdown$$00000000)
    .ARM.Collect$$libshutdown$$00000002      0x08000246   Section        0  libshutdown2.o(.ARM.Collect$$libshutdown$$00000002)
    .ARM.Collect$$libshutdown$$00000004      0x08000246   Section        0  libshutdown2.o(.ARM.Collect$$libshutdown$$00000004)
    .ARM.Collect$$libshutdown$$00000007      0x08000246   Section        0  libshutdown2.o(.ARM.Collect$$libshutdown$$00000007)
    .ARM.Collect$$libshutdown$$0000000A      0x08000246   Section        0  libshutdown2.o(.ARM.Collect$$libshutdown$$0000000A)
    .ARM.Collect$$libshutdown$$0000000C      0x08000246   Section        0  libshutdown2.o(.ARM.Collect$$libshutdown$$0000000C)
    .ARM.Collect$$libshutdown$$0000000F      0x08000246   Section        0  libshutdown2.o(.ARM.Collect$$libshutdown$$0000000F)
    .ARM.Collect$$libshutdown$$00000010      0x08000246   Section        2  libshutdown2.o(.ARM.Collect$$libshutdown$$00000010)
    .ARM.Collect$$rtentry$$00000000          0x08000248   Section        0  __rtentry.o(.ARM.Collect$$rtentry$$00000000)
    .ARM.Collect$$rtentry$$00000002          0x08000248   Section        0  __rtentry2.o(.ARM.Collect$$rtentry$$00000002)
    .ARM.Collect$$rtentry$$00000004          0x08000248   Section        6  __rtentry4.o(.ARM.Collect$$rtentry$$00000004)
    .ARM.Collect$$rtentry$$00000009          0x0800024e   Section        0  __rtentry2.o(.ARM.Collect$$rtentry$$00000009)
    .ARM.Collect$$rtentry$$0000000A          0x0800024e   Section        4  __rtentry2.o(.ARM.Collect$$rtentry$$0000000A)
    .ARM.Collect$$rtentry$$0000000C          0x08000252   Section        0  __rtentry2.o(.ARM.Collect$$rtentry$$0000000C)
    .ARM.Collect$$rtentry$$0000000D          0x08000252   Section        8  __rtentry2.o(.ARM.Collect$$rtentry$$0000000D)
    .ARM.Collect$$rtexit$$00000000           0x0800025a   Section        2  rtexit.o(.ARM.Collect$$rtexit$$00000000)
    .ARM.Collect$$rtexit$$00000002           0x0800025c   Section        0  rtexit2.o(.ARM.Collect$$rtexit$$00000002)
    .ARM.Collect$$rtexit$$00000003           0x0800025c   Section        4  rtexit2.o(.ARM.Collect$$rtexit$$00000003)
    .ARM.Collect$$rtexit$$00000004           0x08000260   Section        6  rtexit2.o(.ARM.Collect$$rtexit$$00000004)
    .text                                    0x08000268   Section       64  startup_stm32f40_41xxx.o(.text)
    $v0                                      0x08000268   Number         0  startup_stm32f40_41xxx.o(.text)
    .text                                    0x080002a8   Section      138  rt_memcpy_v6.o(.text)
    .text                                    0x08000332   Section       68  rt_memclr.o(.text)
    .text                                    0x08000376   Section       78  rt_memclr_w.o(.text)
    .text                                    0x080003c4   Section        0  heapauxi.o(.text)
    .text                                    0x080003ca   Section      100  rt_memcpy_w.o(.text)
    .text                                    0x0800042e   Section       74  sys_stackheap_outer.o(.text)
    .text                                    0x08000478   Section        0  exit.o(.text)
    .text                                    0x0800048c   Section        8  libspace.o(.text)
    .text                                    0x08000494   Section        0  sys_exit.o(.text)
    .text                                    0x080004a0   Section        2  use_no_semi.o(.text)
    .text                                    0x080004a2   Section        0  indicate_semi.o(.text)
    i.ADC_Cmd                                0x080004a2   Section        0  stm32f4xx_adc.o(i.ADC_Cmd)
    i.ADC_CommonInit                         0x080004b8   Section        0  stm32f4xx_adc.o(i.ADC_CommonInit)
    i.ADC_GetConversionValue                 0x080004e8   Section        0  stm32f4xx_adc.o(i.ADC_GetConversionValue)
    i.ADC_GetFlagStatus                      0x080004f0   Section        0  stm32f4xx_adc.o(i.ADC_GetFlagStatus)
    i.ADC_Init                               0x08000504   Section        0  stm32f4xx_adc.o(i.ADC_Init)
    i.ADC_RegularChannelConfig               0x08000558   Section        0  stm32f4xx_adc.o(i.ADC_RegularChannelConfig)
    i.ADC_SoftwareStartConv                  0x08000610   Section        0  stm32f4xx_adc.o(i.ADC_SoftwareStartConv)
    i.BusFault_Handler                       0x0800061a   Section        0  stm32f4xx_it.o(i.BusFault_Handler)
    i.DebugMon_Handler                       0x0800061e   Section        0  stm32f4xx_it.o(i.DebugMon_Handler)
    i.EXTI9_5_IRQHandler                     0x08000620   Section        0  exti.o(i.EXTI9_5_IRQHandler)
    i.EXTI_ClearITPendingBit                 0x0800066c   Section        0  stm32f4xx_exti.o(i.EXTI_ClearITPendingBit)
    i.EXTI_GetITStatus                       0x08000678   Section        0  stm32f4xx_exti.o(i.EXTI_GetITStatus)
    i.EXTI_Init                              0x08000690   Section        0  stm32f4xx_exti.o(i.EXTI_Init)
    i.FLASH_ClearFlag                        0x08000724   Section        0  stm32f4xx_flash.o(i.FLASH_ClearFlag)
    i.FLASH_EraseSector                      0x08000730   Section        0  stm32f4xx_flash.o(i.FLASH_EraseSector)
    i.FLASH_GetStatus                        0x080007b8   Section        0  stm32f4xx_flash.o(i.FLASH_GetStatus)
    i.FLASH_Lock                             0x0800080c   Section        0  stm32f4xx_flash.o(i.FLASH_Lock)
    i.FLASH_ProgramByte                      0x08000820   Section        0  stm32f4xx_flash.o(i.FLASH_ProgramByte)
    i.FLASH_Unlock                           0x0800086c   Section        0  stm32f4xx_flash.o(i.FLASH_Unlock)
    i.FLASH_WaitForLastOperation             0x08000890   Section        0  stm32f4xx_flash.o(i.FLASH_WaitForLastOperation)
    i.FSMC_NORSRAMCmd                        0x080008b4   Section        0  stm32f4xx_fsmc.o(i.FSMC_NORSRAMCmd)
    i.FSMC_NORSRAMInit                       0x080008e8   Section        0  stm32f4xx_fsmc.o(i.FSMC_NORSRAMInit)
    i.GPIO_Init                              0x080009ce   Section        0  stm32f4xx_gpio.o(i.GPIO_Init)
    i.GPIO_PinAFConfig                       0x08000a5e   Section        0  stm32f4xx_gpio.o(i.GPIO_PinAFConfig)
    i.GPIO_ReadInputDataBit                  0x08000aa4   Section        0  stm32f4xx_gpio.o(i.GPIO_ReadInputDataBit)
    i.GPIO_ResetBits                         0x08000ab6   Section        0  stm32f4xx_gpio.o(i.GPIO_ResetBits)
    i.GPIO_SetBits                           0x08000aba   Section        0  stm32f4xx_gpio.o(i.GPIO_SetBits)
    i.GPIO_ToggleBits                        0x08000abe   Section        0  stm32f4xx_gpio.o(i.GPIO_ToggleBits)
    i.GetSector                              0x08000ac8   Section        0  bsp_internalflash.o(i.GetSector)
    GetSector                                0x08000ac9   Thumb Code   374  bsp_internalflash.o(i.GetSector)
    i.HardFault_Handler                      0x08000c98   Section        0  stm32f4xx_it.o(i.HardFault_Handler)
    i.MemManage_Handler                      0x08000c9c   Section        0  stm32f4xx_it.o(i.MemManage_Handler)
    i.NMI_Handler                            0x08000ca0   Section        0  stm32f4xx_it.o(i.NMI_Handler)
    i.NVIC_Init                              0x08000ca4   Section        0  misc.o(i.NVIC_Init)
    i.ONE_WIRE_PORT_GET                      0x08000d1c   Section        0  one_wire_hal.o(i.ONE_WIRE_PORT_GET)
    i.ONE_WIRE_PORT_SET                      0x08000d3c   Section        0  one_wire_hal.o(i.ONE_WIRE_PORT_SET)
    i.ONE_WIRE_PORT_SWITCH_TO_RX             0x08000d70   Section        0  one_wire_hal.o(i.ONE_WIRE_PORT_SWITCH_TO_RX)
    i.ONE_WIRE_PORT_SWITCH_TO_TX             0x08000db4   Section        0  one_wire_hal.o(i.ONE_WIRE_PORT_SWITCH_TO_TX)
    i.PendSV_Handler                         0x08000df8   Section        0  stm32f4xx_it.o(i.PendSV_Handler)
    i.RCC_AHB1PeriphClockCmd                 0x08000dfc   Section        0  stm32f4xx_rcc.o(i.RCC_AHB1PeriphClockCmd)
    i.RCC_AHB3PeriphClockCmd                 0x08000e1c   Section        0  stm32f4xx_rcc.o(i.RCC_AHB3PeriphClockCmd)
    i.RCC_APB1PeriphClockCmd                 0x08000e3c   Section        0  stm32f4xx_rcc.o(i.RCC_APB1PeriphClockCmd)
    i.RCC_APB2PeriphClockCmd                 0x08000e5c   Section        0  stm32f4xx_rcc.o(i.RCC_APB2PeriphClockCmd)
    i.SVC_Handler                            0x08000e7c   Section        0  stm32f4xx_it.o(i.SVC_Handler)
    i.SYSCFG_EXTILineConfig                  0x08000e80   Section        0  stm32f4xx_syscfg.o(i.SYSCFG_EXTILineConfig)
    i.SetSysClock                            0x08000ec0   Section        0  system_stm32f4xx.o(i.SetSysClock)
    SetSysClock                              0x08000ec1   Thumb Code   220  system_stm32f4xx.o(i.SetSysClock)
    i.SysTick_Handler                        0x08000fac   Section        0  systick.o(i.SysTick_Handler)
    i.SystemInit                             0x08000fdc   Section        0  system_stm32f4xx.o(i.SystemInit)
    i.TIM3_IRQHandler                        0x08001044   Section        0  timer3.o(i.TIM3_IRQHandler)
    i.TIM_ClearITPendingBit                  0x0800105c   Section        0  stm32f4xx_tim.o(i.TIM_ClearITPendingBit)
    i.TIM_Cmd                                0x08001062   Section        0  stm32f4xx_tim.o(i.TIM_Cmd)
    i.TIM_GetITStatus                        0x0800107a   Section        0  stm32f4xx_tim.o(i.TIM_GetITStatus)
    i.TIM_ITConfig                           0x0800109c   Section        0  stm32f4xx_tim.o(i.TIM_ITConfig)
    i.TIM_TimeBaseInit                       0x080010b0   Section        0  stm32f4xx_tim.o(i.TIM_TimeBaseInit)
    i.UsageFault_Handler                     0x08001134   Section        0  stm32f4xx_it.o(i.UsageFault_Handler)
    i.calculate_crc8                         0x08001138   Section        0  one_wire_crc.o(i.calculate_crc8)
    i.cpu2fpga                               0x0800114c   Section        0  fpga2cpu_cmd.o(i.cpu2fpga)
    i.decoder                                0x0800116c   Section        0  fpga2cpu_cmd.o(i.decoder)
    i.delay_ms                               0x08001390   Section        0  delay.o(i.delay_ms)
    i.delay_us                               0x080013a4   Section        0  delay.o(i.delay_us)
    i.get_f_num                              0x080013f8   Section        0  fpga2cpu_cmd.o(i.get_f_num)
    i.get_front_prob_num                     0x08001418   Section        0  fpga2cpu_cmd.o(i.get_front_prob_num)
    i.get_max_f_num                          0x0800144c   Section        0  fpga2cpu_cmd.o(i.get_max_f_num)
    i.get_sample_freq                        0x0800148c   Section        0  fpga2cpu_cmd.o(i.get_sample_freq)
    i.getcpuver                              0x080014d4   Section        0  fpga2cpu_cmd.o(i.getcpuver)
    i.getf210sn                              0x080014e0   Section        0  fpga2cpu_cmd.o(i.getf210sn)
    i.getf543sn                              0x080014ec   Section        0  fpga2cpu_cmd.o(i.getf543sn)
    i.getfpgaver                             0x080014f8   Section        0  fpga2cpu_cmd.o(i.getfpgaver)
    i.getverinfo                             0x08001504   Section        0  fpga2cpu_cmd.o(i.getverinfo)
    i.initialize                             0x08001550   Section        0  fsmc.o(i.initialize)
    initialize                               0x08001551   Thumb Code   674  fsmc.o(i.initialize)
    i.initialize                             0x08001808   Section        0  led.o(i.initialize)
    initialize                               0x08001809   Thumb Code   110  led.o(i.initialize)
    i.initialize                             0x08001880   Section        0  timer3.o(i.initialize)
    initialize                               0x08001881   Thumb Code    96  timer3.o(i.initialize)
    i.initialize                             0x080018e4   Section        0  systick.o(i.initialize)
    initialize                               0x080018e5   Thumb Code    92  systick.o(i.initialize)
    i.initialize                             0x0800194c   Section        0  exti.o(i.initialize)
    initialize                               0x0800194d   Thumb Code   120  exti.o(i.initialize)
    i.initialize                             0x080019c8   Section        0  adc.o(i.initialize)
    initialize                               0x080019c9   Thumb Code   108  adc.o(i.initialize)
    i.main                                   0x08001a3c   Section        0  main.o(i.main)
    i.one_wire_family_search                 0x08001ad0   Section        0  one_wire_net.o(i.one_wire_family_search)
    i.one_wire_family_search_setup           0x08001b1c   Section        0  one_wire_net.o(i.one_wire_family_search_setup)
    i.one_wire_read_bit                      0x08001b5c   Section        0  one_wire_hal.o(i.one_wire_read_bit)
    i.one_wire_reset                         0x08001bd4   Section        0  one_wire_hal.o(i.one_wire_reset)
    i.one_wire_search_next                   0x08001c68   Section        0  one_wire_net.o(i.one_wire_search_next)
    i.one_wire_search_rom                    0x08001e40   Section        0  one_wire_rom_func.o(i.one_wire_search_rom)
    i.one_wire_set_serial                    0x08001e54   Section        0  one_wire_net.o(i.one_wire_set_serial)
    i.one_wire_write_bit                     0x08001e90   Section        0  one_wire_hal.o(i.one_wire_write_bit)
    i.one_wire_write_byte                    0x08001f2c   Section        0  one_wire_hal.o(i.one_wire_write_byte)
    i.portselect                             0x08001f58   Section        0  one_wire_hal.o(i.portselect)
    i.read_adc                               0x08001ff0   Section        0  adc.o(i.read_adc)
    read_adc                                 0x08001ff1   Thumb Code   240  adc.o(i.read_adc)
    i.readflash                              0x080020fc   Section        0  bsp_internalflash.o(i.readflash)
    i.set_crc8                               0x08002172   Section        0  one_wire_crc.o(i.set_crc8)
    i.set_f_num                              0x08002178   Section        0  fpga2cpu_cmd.o(i.set_f_num)
    i.set_f_threshold                        0x080021e0   Section        0  fpga2cpu_cmd.o(i.set_f_threshold)
    i.set_impd_test                          0x08002244   Section        0  fpga2cpu_cmd.o(i.set_impd_test)
    i.set_max_f_num                          0x080022c8   Section        0  fpga2cpu_cmd.o(i.set_max_f_num)
    i.set_sample_freq                        0x0800230c   Section        0  fpga2cpu_cmd.o(i.set_sample_freq)
    i.setf210sn                              0x08002370   Section        0  fpga2cpu_cmd.o(i.setf210sn)
    i.setf543sn                              0x08002380   Section        0  fpga2cpu_cmd.o(i.setf543sn)
    i.setverinfo                             0x08002390   Section        0  fpga2cpu_cmd.o(i.setverinfo)
    i.sort                                   0x08002410   Section        0  adc.o(i.sort)
    i.task_devicestatus                      0x08002454   Section        0  fpga2cpu_cmd.o(i.task_devicestatus)
    i.task_pwtest                            0x08002510   Section        0  main.o(i.task_pwtest)
    i.write_status                           0x0800260c   Section        0  fpga2cpu_cmd.o(i.write_status)
    i.writeflash                             0x08002634   Section        0  bsp_internalflash.o(i.writeflash)
    x$fpl$d2f                                0x080026c8   Section       98  d2f.o(x$fpl$d2f)
    $v0                                      0x080026c8   Number         0  d2f.o(x$fpl$d2f)
    x$fpl$dcmpinf                            0x0800272a   Section       24  dcmpi.o(x$fpl$dcmpinf)
    $v0                                      0x0800272a   Number         0  dcmpi.o(x$fpl$dcmpinf)
    x$fpl$ddiv                               0x08002744   Section      688  ddiv.o(x$fpl$ddiv)
    $v0                                      0x08002744   Number         0  ddiv.o(x$fpl$ddiv)
    ddiv_entry                               0x0800274b   Thumb Code     0  ddiv.o(x$fpl$ddiv)
    x$fpl$dfltu                              0x080029f4   Section       38  dflt_clz.o(x$fpl$dfltu)
    $v0                                      0x080029f4   Number         0  dflt_clz.o(x$fpl$dfltu)
    x$fpl$dleqf                              0x08002a1c   Section      120  dleqf.o(x$fpl$dleqf)
    $v0                                      0x08002a1c   Number         0  dleqf.o(x$fpl$dleqf)
    x$fpl$dmul                               0x08002a94   Section      340  dmul.o(x$fpl$dmul)
    $v0                                      0x08002a94   Number         0  dmul.o(x$fpl$dmul)
    x$fpl$dnaninf                            0x08002be8   Section      156  dnaninf.o(x$fpl$dnaninf)
    $v0                                      0x08002be8   Number         0  dnaninf.o(x$fpl$dnaninf)
    x$fpl$dretinf                            0x08002c84   Section       12  dretinf.o(x$fpl$dretinf)
    $v0                                      0x08002c84   Number         0  dretinf.o(x$fpl$dretinf)
    x$fpl$f2d                                0x08002c90   Section       86  f2d.o(x$fpl$f2d)
    $v0                                      0x08002c90   Number         0  f2d.o(x$fpl$f2d)
    x$fpl$fnaninf                            0x08002ce6   Section      140  fnaninf.o(x$fpl$fnaninf)
    $v0                                      0x08002ce6   Number         0  fnaninf.o(x$fpl$fnaninf)
    x$fpl$fpinit                             0x08002d72   Section       10  fpinit.o(x$fpl$fpinit)
    $v0                                      0x08002d72   Number         0  fpinit.o(x$fpl$fpinit)
    x$fpl$fretinf                            0x08002d7c   Section       10  fretinf.o(x$fpl$fretinf)
    $v0                                      0x08002d7c   Number         0  fretinf.o(x$fpl$fretinf)
    x$fpl$usenofp                            0x08002d86   Section        0  usenofp.o(x$fpl$usenofp)
    .data                                    0x20000000   Section        4  fsmc.o(.data)
    .data                                    0x20000004   Section        4  led.o(.data)
    .data                                    0x20000008   Section       20  system_stm32f4xx.o(.data)
    .data                                    0x2000001c   Section        8  timer3.o(.data)
    counter                                  0x20000020   Data           4  timer3.o(.data)
    .data                                    0x20000024   Section       16  systick.o(.data)
    .data                                    0x20000034   Section        8  exti.o(.data)
    work_status                              0x20000038   Data           4  exti.o(.data)
    .data                                    0x2000003c   Section       28  adc.o(.data)
    .data                                    0x20000058   Section      272  one_wire_crc.o(.data)
    oddparity                                0x20000058   Data          16  one_wire_crc.o(.data)
    dscrc_table                              0x20000068   Data         256  one_wire_crc.o(.data)
    .data                                    0x20000168   Section       16  one_wire_hal.o(.data)
    .data                                    0x20000178   Section       48  fpga2cpu_cmd.o(.data)
    .bss                                     0x200001a8   Section      224  one_wire_hal.o(.bss)
    .bss                                     0x20000288   Section       44  one_wire_net.o(.bss)
    search_state                             0x20000288   Data          12  one_wire_net.o(.bss)
    serial                                   0x20000294   Data          32  one_wire_net.o(.bss)
    .bss                                     0x200002b4   Section      154  fpga2cpu_cmd.o(.bss)
    .bss                                     0x20000350   Section       96  libspace.o(.bss)
    HEAP                                     0x200003b0   Section      512  startup_stm32f40_41xxx.o(HEAP)
    Heap_Mem                                 0x200003b0   Data         512  startup_stm32f40_41xxx.o(HEAP)
    STACK                                    0x200005b0   Section    24576  startup_stm32f40_41xxx.o(STACK)
    Stack_Mem                                0x200005b0   Data       24576  startup_stm32f40_41xxx.o(STACK)
    __initial_sp                             0x200065b0   Data           0  startup_stm32f40_41xxx.o(STACK)

    Global Symbols

    Symbol Name                              Value     Ov Type        Size  Object(Section)

    BuildAttributes$$THM_ISAv4$E$P$D$K$B$S$7EM$VFPi3$EXTD16$VFPS$VFMA$PE$A:L22UL41UL21$X:L11$S22US41US21$IEEE1$IW$USESV6$~STKCKD$USESV7$~SHL$OSPACE$ROPI$EBA8$UX$STANDARDLIB$REQ8$PRES8$EABIv2 0x00000000   Number         0  anon$$obj.o ABSOLUTE
    __ARM_use_no_argv                        0x00000000   Number         0  main.o ABSOLUTE
    __ARM_exceptions_init                     - Undefined Weak Reference
    __alloca_initialize                       - Undefined Weak Reference
    __arm_preinit_                            - Undefined Weak Reference
    __cpp_initialize__aeabi_                  - Undefined Weak Reference
    __cxa_finalize                            - Undefined Weak Reference
    __rt_locale                               - Undefined Weak Reference
    __sigvec_lookup                           - Undefined Weak Reference
    _atexit_init                              - Undefined Weak Reference
    _call_atexit_fns                          - Undefined Weak Reference
    _clock_init                               - Undefined Weak Reference
    _fp_trap_init                             - Undefined Weak Reference
    _fp_trap_shutdown                         - Undefined Weak Reference
    _get_lc_collate                           - Undefined Weak Reference
    _get_lc_ctype                             - Undefined Weak Reference
    _get_lc_monetary                          - Undefined Weak Reference
    _get_lc_numeric                           - Undefined Weak Reference
    _get_lc_time                              - Undefined Weak Reference
    _getenv_init                              - Undefined Weak Reference
    _handle_redirection                       - Undefined Weak Reference
    _init_alloc                               - Undefined Weak Reference
    _init_user_alloc                          - Undefined Weak Reference
    _initio                                   - Undefined Weak Reference
    _rand_init                                - Undefined Weak Reference
    _signal_finish                            - Undefined Weak Reference
    _signal_init                              - Undefined Weak Reference
    _terminate_alloc                          - Undefined Weak Reference
    _terminate_user_alloc                     - Undefined Weak Reference
    _terminateio                              - Undefined Weak Reference
    __Vectors_Size                           0x00000188   Number         0  startup_stm32f40_41xxx.o ABSOLUTE
    __Vectors                                0x08000000   Data           4  startup_stm32f40_41xxx.o(RESET)
    __Vectors_End                            0x08000188   Data           0  startup_stm32f40_41xxx.o(RESET)
    __main                                   0x08000189   Thumb Code     8  __main.o(!!!main)
    __scatterload                            0x08000191   Thumb Code     0  __scatter.o(!!!scatter)
    __scatterload_rt2                        0x08000191   Thumb Code    44  __scatter.o(!!!scatter)
    __scatterload_rt2_thumb_only             0x08000191   Thumb Code     0  __scatter.o(!!!scatter)
    __scatterload_null                       0x0800019f   Thumb Code     0  __scatter.o(!!!scatter)
    __decompress                             0x080001c5   Thumb Code    90  __dczerorl2.o(!!dczerorl2)
    __decompress1                            0x080001c5   Thumb Code     0  __dczerorl2.o(!!dczerorl2)
    __scatterload_zeroinit                   0x08000221   Thumb Code    28  __scatter_zi.o(!!handler_zi)
    __rt_lib_init                            0x0800023d   Thumb Code     0  libinit.o(.ARM.Collect$$libinit$$00000000)
    __rt_lib_init_fp_1                       0x0800023f   Thumb Code     0  libinit2.o(.ARM.Collect$$libinit$$00000001)
    __rt_lib_init_alloca_1                   0x08000243   Thumb Code     0  libinit2.o(.ARM.Collect$$libinit$$0000002E)
    __rt_lib_init_argv_1                     0x08000243   Thumb Code     0  libinit2.o(.ARM.Collect$$libinit$$0000002C)
    __rt_lib_init_atexit_1                   0x08000243   Thumb Code     0  libinit2.o(.ARM.Collect$$libinit$$0000001B)
    __rt_lib_init_clock_1                    0x08000243   Thumb Code     0  libinit2.o(.ARM.Collect$$libinit$$00000021)
    __rt_lib_init_cpp_1                      0x08000243   Thumb Code     0  libinit2.o(.ARM.Collect$$libinit$$00000032)
    __rt_lib_init_exceptions_1               0x08000243   Thumb Code     0  libinit2.o(.ARM.Collect$$libinit$$00000030)
    __rt_lib_init_fp_trap_1                  0x08000243   Thumb Code     0  libinit2.o(.ARM.Collect$$libinit$$0000001F)
    __rt_lib_init_getenv_1                   0x08000243   Thumb Code     0  libinit2.o(.ARM.Collect$$libinit$$00000023)
    __rt_lib_init_heap_1                     0x08000243   Thumb Code     0  libinit2.o(.ARM.Collect$$libinit$$0000000A)
    __rt_lib_init_lc_collate_1               0x08000243   Thumb Code     0  libinit2.o(.ARM.Collect$$libinit$$00000011)
    __rt_lib_init_lc_ctype_1                 0x08000243   Thumb Code     0  libinit2.o(.ARM.Collect$$libinit$$00000013)
    __rt_lib_init_lc_monetary_1              0x08000243   Thumb Code     0  libinit2.o(.ARM.Collect$$libinit$$00000015)
    __rt_lib_init_lc_numeric_1               0x08000243   Thumb Code     0  libinit2.o(.ARM.Collect$$libinit$$00000017)
    __rt_lib_init_lc_time_1                  0x08000243   Thumb Code     0  libinit2.o(.ARM.Collect$$libinit$$00000019)
    __rt_lib_init_preinit_1                  0x08000243   Thumb Code     0  libinit2.o(.ARM.Collect$$libinit$$00000004)
    __rt_lib_init_rand_1                     0x08000243   Thumb Code     0  libinit2.o(.ARM.Collect$$libinit$$0000000E)
    __rt_lib_init_return                     0x08000243   Thumb Code     0  libinit2.o(.ARM.Collect$$libinit$$00000033)
    __rt_lib_init_signal_1                   0x08000243   Thumb Code     0  libinit2.o(.ARM.Collect$$libinit$$0000001D)
    __rt_lib_init_stdio_1                    0x08000243   Thumb Code     0  libinit2.o(.ARM.Collect$$libinit$$00000025)
    __rt_lib_init_user_alloc_1               0x08000243   Thumb Code     0  libinit2.o(.ARM.Collect$$libinit$$0000000C)
    __rt_lib_shutdown                        0x08000245   Thumb Code     0  libshutdown.o(.ARM.Collect$$libshutdown$$00000000)
    __rt_lib_shutdown_cpp_1                  0x08000247   Thumb Code     0  libshutdown2.o(.ARM.Collect$$libshutdown$$00000002)
    __rt_lib_shutdown_fp_trap_1              0x08000247   Thumb Code     0  libshutdown2.o(.ARM.Collect$$libshutdown$$00000007)
    __rt_lib_shutdown_heap_1                 0x08000247   Thumb Code     0  libshutdown2.o(.ARM.Collect$$libshutdown$$0000000F)
    __rt_lib_shutdown_return                 0x08000247   Thumb Code     0  libshutdown2.o(.ARM.Collect$$libshutdown$$00000010)
    __rt_lib_shutdown_signal_1               0x08000247   Thumb Code     0  libshutdown2.o(.ARM.Collect$$libshutdown$$0000000A)
    __rt_lib_shutdown_stdio_1                0x08000247   Thumb Code     0  libshutdown2.o(.ARM.Collect$$libshutdown$$00000004)
    __rt_lib_shutdown_user_alloc_1           0x08000247   Thumb Code     0  libshutdown2.o(.ARM.Collect$$libshutdown$$0000000C)
    __rt_entry                               0x08000249   Thumb Code     0  __rtentry.o(.ARM.Collect$$rtentry$$00000000)
    __rt_entry_presh_1                       0x08000249   Thumb Code     0  __rtentry2.o(.ARM.Collect$$rtentry$$00000002)
    __rt_entry_sh                            0x08000249   Thumb Code     0  __rtentry4.o(.ARM.Collect$$rtentry$$00000004)
    __rt_entry_li                            0x0800024f   Thumb Code     0  __rtentry2.o(.ARM.Collect$$rtentry$$0000000A)
    __rt_entry_postsh_1                      0x0800024f   Thumb Code     0  __rtentry2.o(.ARM.Collect$$rtentry$$00000009)
    __rt_entry_main                          0x08000253   Thumb Code     0  __rtentry2.o(.ARM.Collect$$rtentry$$0000000D)
    __rt_entry_postli_1                      0x08000253   Thumb Code     0  __rtentry2.o(.ARM.Collect$$rtentry$$0000000C)
    __rt_exit                                0x0800025b   Thumb Code     0  rtexit.o(.ARM.Collect$$rtexit$$00000000)
    __rt_exit_ls                             0x0800025d   Thumb Code     0  rtexit2.o(.ARM.Collect$$rtexit$$00000003)
    __rt_exit_prels_1                        0x0800025d   Thumb Code     0  rtexit2.o(.ARM.Collect$$rtexit$$00000002)
    __rt_exit_exit                           0x08000261   Thumb Code     0  rtexit2.o(.ARM.Collect$$rtexit$$00000004)
    Reset_Handler                            0x08000269   Thumb Code     8  startup_stm32f40_41xxx.o(.text)
    ADC_IRQHandler                           0x08000283   Thumb Code     0  startup_stm32f40_41xxx.o(.text)
    CAN1_RX0_IRQHandler                      0x08000283   Thumb Code     0  startup_stm32f40_41xxx.o(.text)
    CAN1_RX1_IRQHandler                      0x08000283   Thumb Code     0  startup_stm32f40_41xxx.o(.text)
    CAN1_SCE_IRQHandler                      0x08000283   Thumb Code     0  startup_stm32f40_41xxx.o(.text)
    CAN1_TX_IRQHandler                       0x08000283   Thumb Code     0  startup_stm32f40_41xxx.o(.text)
    CAN2_RX0_IRQHandler                      0x08000283   Thumb Code     0  startup_stm32f40_41xxx.o(.text)
    CAN2_RX1_IRQHandler                      0x08000283   Thumb Code     0  startup_stm32f40_41xxx.o(.text)
    CAN2_SCE_IRQHandler                      0x08000283   Thumb Code     0  startup_stm32f40_41xxx.o(.text)
    CAN2_TX_IRQHandler                       0x08000283   Thumb Code     0  startup_stm32f40_41xxx.o(.text)
    CRYP_IRQHandler                          0x08000283   Thumb Code     0  startup_stm32f40_41xxx.o(.text)
    DCMI_IRQHandler                          0x08000283   Thumb Code     0  startup_stm32f40_41xxx.o(.text)
    DMA1_Stream0_IRQHandler                  0x08000283   Thumb Code     0  startup_stm32f40_41xxx.o(.text)
    DMA1_Stream1_IRQHandler                  0x08000283   Thumb Code     0  startup_stm32f40_41xxx.o(.text)
    DMA1_Stream2_IRQHandler                  0x08000283   Thumb Code     0  startup_stm32f40_41xxx.o(.text)
    DMA1_Stream3_IRQHandler                  0x08000283   Thumb Code     0  startup_stm32f40_41xxx.o(.text)
    DMA1_Stream4_IRQHandler                  0x08000283   Thumb Code     0  startup_stm32f40_41xxx.o(.text)
    DMA1_Stream5_IRQHandler                  0x08000283   Thumb Code     0  startup_stm32f40_41xxx.o(.text)
    DMA1_Stream6_IRQHandler                  0x08000283   Thumb Code     0  startup_stm32f40_41xxx.o(.text)
    DMA1_Stream7_IRQHandler                  0x08000283   Thumb Code     0  startup_stm32f40_41xxx.o(.text)
    DMA2_Stream0_IRQHandler                  0x08000283   Thumb Code     0  startup_stm32f40_41xxx.o(.text)
    DMA2_Stream1_IRQHandler                  0x08000283   Thumb Code     0  startup_stm32f40_41xxx.o(.text)
    DMA2_Stream2_IRQHandler                  0x08000283   Thumb Code     0  startup_stm32f40_41xxx.o(.text)
    DMA2_Stream3_IRQHandler                  0x08000283   Thumb Code     0  startup_stm32f40_41xxx.o(.text)
    DMA2_Stream4_IRQHandler                  0x08000283   Thumb Code     0  startup_stm32f40_41xxx.o(.text)
    DMA2_Stream5_IRQHandler                  0x08000283   Thumb Code     0  startup_stm32f40_41xxx.o(.text)
    DMA2_Stream6_IRQHandler                  0x08000283   Thumb Code     0  startup_stm32f40_41xxx.o(.text)
    DMA2_Stream7_IRQHandler                  0x08000283   Thumb Code     0  startup_stm32f40_41xxx.o(.text)
    ETH_IRQHandler                           0x08000283   Thumb Code     0  startup_stm32f40_41xxx.o(.text)
    ETH_WKUP_IRQHandler                      0x08000283   Thumb Code     0  startup_stm32f40_41xxx.o(.text)
    EXTI0_IRQHandler                         0x08000283   Thumb Code     0  startup_stm32f40_41xxx.o(.text)
    EXTI15_10_IRQHandler                     0x08000283   Thumb Code     0  startup_stm32f40_41xxx.o(.text)
    EXTI1_IRQHandler                         0x08000283   Thumb Code     0  startup_stm32f40_41xxx.o(.text)
    EXTI2_IRQHandler                         0x08000283   Thumb Code     0  startup_stm32f40_41xxx.o(.text)
    EXTI3_IRQHandler                         0x08000283   Thumb Code     0  startup_stm32f40_41xxx.o(.text)
    EXTI4_IRQHandler                         0x08000283   Thumb Code     0  startup_stm32f40_41xxx.o(.text)
    FLASH_IRQHandler                         0x08000283   Thumb Code     0  startup_stm32f40_41xxx.o(.text)
    FPU_IRQHandler                           0x08000283   Thumb Code     0  startup_stm32f40_41xxx.o(.text)
    FSMC_IRQHandler                          0x08000283   Thumb Code     0  startup_stm32f40_41xxx.o(.text)
    HASH_RNG_IRQHandler                      0x08000283   Thumb Code     0  startup_stm32f40_41xxx.o(.text)
    I2C1_ER_IRQHandler                       0x08000283   Thumb Code     0  startup_stm32f40_41xxx.o(.text)
    I2C1_EV_IRQHandler                       0x08000283   Thumb Code     0  startup_stm32f40_41xxx.o(.text)
    I2C2_ER_IRQHandler                       0x08000283   Thumb Code     0  startup_stm32f40_41xxx.o(.text)
    I2C2_EV_IRQHandler                       0x08000283   Thumb Code     0  startup_stm32f40_41xxx.o(.text)
    I2C3_ER_IRQHandler                       0x08000283   Thumb Code     0  startup_stm32f40_41xxx.o(.text)
    I2C3_EV_IRQHandler                       0x08000283   Thumb Code     0  startup_stm32f40_41xxx.o(.text)
    OTG_FS_IRQHandler                        0x08000283   Thumb Code     0  startup_stm32f40_41xxx.o(.text)
    OTG_FS_WKUP_IRQHandler                   0x08000283   Thumb Code     0  startup_stm32f40_41xxx.o(.text)
    OTG_HS_EP1_IN_IRQHandler                 0x08000283   Thumb Code     0  startup_stm32f40_41xxx.o(.text)
    OTG_HS_EP1_OUT_IRQHandler                0x08000283   Thumb Code     0  startup_stm32f40_41xxx.o(.text)
    OTG_HS_IRQHandler                        0x08000283   Thumb Code     0  startup_stm32f40_41xxx.o(.text)
    OTG_HS_WKUP_IRQHandler                   0x08000283   Thumb Code     0  startup_stm32f40_41xxx.o(.text)
    PVD_IRQHandler                           0x08000283   Thumb Code     0  startup_stm32f40_41xxx.o(.text)
    RCC_IRQHandler                           0x08000283   Thumb Code     0  startup_stm32f40_41xxx.o(.text)
    RTC_Alarm_IRQHandler                     0x08000283   Thumb Code     0  startup_stm32f40_41xxx.o(.text)
    RTC_WKUP_IRQHandler                      0x08000283   Thumb Code     0  startup_stm32f40_41xxx.o(.text)
    SDIO_IRQHandler                          0x08000283   Thumb Code     0  startup_stm32f40_41xxx.o(.text)
    SPI1_IRQHandler                          0x08000283   Thumb Code     0  startup_stm32f40_41xxx.o(.text)
    SPI2_IRQHandler                          0x08000283   Thumb Code     0  startup_stm32f40_41xxx.o(.text)
    SPI3_IRQHandler                          0x08000283   Thumb Code     0  startup_stm32f40_41xxx.o(.text)
    TAMP_STAMP_IRQHandler                    0x08000283   Thumb Code     0  startup_stm32f40_41xxx.o(.text)
    TIM1_BRK_TIM9_IRQHandler                 0x08000283   Thumb Code     0  startup_stm32f40_41xxx.o(.text)
    TIM1_CC_IRQHandler                       0x08000283   Thumb Code     0  startup_stm32f40_41xxx.o(.text)
    TIM1_TRG_COM_TIM11_IRQHandler            0x08000283   Thumb Code     0  startup_stm32f40_41xxx.o(.text)
    TIM1_UP_TIM10_IRQHandler                 0x08000283   Thumb Code     0  startup_stm32f40_41xxx.o(.text)
    TIM2_IRQHandler                          0x08000283   Thumb Code     0  startup_stm32f40_41xxx.o(.text)
    TIM4_IRQHandler                          0x08000283   Thumb Code     0  startup_stm32f40_41xxx.o(.text)
    TIM5_IRQHandler                          0x08000283   Thumb Code     0  startup_stm32f40_41xxx.o(.text)
    TIM6_DAC_IRQHandler                      0x08000283   Thumb Code     0  startup_stm32f40_41xxx.o(.text)
    TIM7_IRQHandler                          0x08000283   Thumb Code     0  startup_stm32f40_41xxx.o(.text)
    TIM8_BRK_TIM12_IRQHandler                0x08000283   Thumb Code     0  startup_stm32f40_41xxx.o(.text)
    TIM8_CC_IRQHandler                       0x08000283   Thumb Code     0  startup_stm32f40_41xxx.o(.text)
    TIM8_TRG_COM_TIM14_IRQHandler            0x08000283   Thumb Code     0  startup_stm32f40_41xxx.o(.text)
    TIM8_UP_TIM13_IRQHandler                 0x08000283   Thumb Code     0  startup_stm32f40_41xxx.o(.text)
    UART4_IRQHandler                         0x08000283   Thumb Code     0  startup_stm32f40_41xxx.o(.text)
    UART5_IRQHandler                         0x08000283   Thumb Code     0  startup_stm32f40_41xxx.o(.text)
    USART1_IRQHandler                        0x08000283   Thumb Code     0  startup_stm32f40_41xxx.o(.text)
    USART2_IRQHandler                        0x08000283   Thumb Code     0  startup_stm32f40_41xxx.o(.text)
    USART3_IRQHandler                        0x08000283   Thumb Code     0  startup_stm32f40_41xxx.o(.text)
    USART6_IRQHandler                        0x08000283   Thumb Code     0  startup_stm32f40_41xxx.o(.text)
    WWDG_IRQHandler                          0x08000283   Thumb Code     0  startup_stm32f40_41xxx.o(.text)
    __user_initial_stackheap                 0x08000285   Thumb Code     0  startup_stm32f40_41xxx.o(.text)
    __aeabi_memcpy                           0x080002a9   Thumb Code     0  rt_memcpy_v6.o(.text)
    __rt_memcpy                              0x080002a9   Thumb Code   138  rt_memcpy_v6.o(.text)
    _memcpy_lastbytes                        0x0800030f   Thumb Code     0  rt_memcpy_v6.o(.text)
    __aeabi_memclr                           0x08000333   Thumb Code     0  rt_memclr.o(.text)
    __rt_memclr                              0x08000333   Thumb Code    68  rt_memclr.o(.text)
    _memset                                  0x08000337   Thumb Code     0  rt_memclr.o(.text)
    __aeabi_memclr4                          0x08000377   Thumb Code     0  rt_memclr_w.o(.text)
    __aeabi_memclr8                          0x08000377   Thumb Code     0  rt_memclr_w.o(.text)
    __rt_memclr_w                            0x08000377   Thumb Code    78  rt_memclr_w.o(.text)
    _memset_w                                0x0800037b   Thumb Code     0  rt_memclr_w.o(.text)
    __use_two_region_memory                  0x080003c5   Thumb Code     2  heapauxi.o(.text)
    __rt_heap_escrow$2region                 0x080003c7   Thumb Code     2  heapauxi.o(.text)
    __rt_heap_expand$2region                 0x080003c9   Thumb Code     2  heapauxi.o(.text)
    __aeabi_memcpy4                          0x080003cb   Thumb Code     0  rt_memcpy_w.o(.text)
    __aeabi_memcpy8                          0x080003cb   Thumb Code     0  rt_memcpy_w.o(.text)
    __rt_memcpy_w                            0x080003cb   Thumb Code   100  rt_memcpy_w.o(.text)
    _memcpy_lastbytes_aligned                0x08000413   Thumb Code     0  rt_memcpy_w.o(.text)
    __user_setup_stackheap                   0x0800042f   Thumb Code    74  sys_stackheap_outer.o(.text)
    exit                                     0x08000479   Thumb Code    18  exit.o(.text)
    __user_libspace                          0x0800048d   Thumb Code     8  libspace.o(.text)
    __user_perproc_libspace                  0x0800048d   Thumb Code     0  libspace.o(.text)
    __user_perthread_libspace                0x0800048d   Thumb Code     0  libspace.o(.text)
    _sys_exit                                0x08000495   Thumb Code     8  sys_exit.o(.text)
    __I$use$semihosting                      0x080004a1   Thumb Code     0  use_no_semi.o(.text)
    __use_no_semihosting_swi                 0x080004a1   Thumb Code     2  use_no_semi.o(.text)
    ADC_Cmd                                  0x080004a3   Thumb Code    22  stm32f4xx_adc.o(i.ADC_Cmd)
    __semihosting_library_function           0x080004a3   Thumb Code     0  indicate_semi.o(.text)
    ADC_CommonInit                           0x080004b9   Thumb Code    34  stm32f4xx_adc.o(i.ADC_CommonInit)
    ADC_GetConversionValue                   0x080004e9   Thumb Code     8  stm32f4xx_adc.o(i.ADC_GetConversionValue)
    ADC_GetFlagStatus                        0x080004f1   Thumb Code    18  stm32f4xx_adc.o(i.ADC_GetFlagStatus)
    ADC_Init                                 0x08000505   Thumb Code    74  stm32f4xx_adc.o(i.ADC_Init)
    ADC_RegularChannelConfig                 0x08000559   Thumb Code   184  stm32f4xx_adc.o(i.ADC_RegularChannelConfig)
    ADC_SoftwareStartConv                    0x08000611   Thumb Code    10  stm32f4xx_adc.o(i.ADC_SoftwareStartConv)
    BusFault_Handler                         0x0800061b   Thumb Code     4  stm32f4xx_it.o(i.BusFault_Handler)
    DebugMon_Handler                         0x0800061f   Thumb Code     2  stm32f4xx_it.o(i.DebugMon_Handler)
    EXTI9_5_IRQHandler                       0x08000621   Thumb Code    76  exti.o(i.EXTI9_5_IRQHandler)
    EXTI_ClearITPendingBit                   0x0800066d   Thumb Code     6  stm32f4xx_exti.o(i.EXTI_ClearITPendingBit)
    EXTI_GetITStatus                         0x08000679   Thumb Code    20  stm32f4xx_exti.o(i.EXTI_GetITStatus)
    EXTI_Init                                0x08000691   Thumb Code   142  stm32f4xx_exti.o(i.EXTI_Init)
    FLASH_ClearFlag                          0x08000725   Thumb Code     6  stm32f4xx_flash.o(i.FLASH_ClearFlag)
    FLASH_EraseSector                        0x08000731   Thumb Code   130  stm32f4xx_flash.o(i.FLASH_EraseSector)
    FLASH_GetStatus                          0x080007b9   Thumb Code    80  stm32f4xx_flash.o(i.FLASH_GetStatus)
    FLASH_Lock                               0x0800080d   Thumb Code    14  stm32f4xx_flash.o(i.FLASH_Lock)
    FLASH_ProgramByte                        0x08000821   Thumb Code    70  stm32f4xx_flash.o(i.FLASH_ProgramByte)
    FLASH_Unlock                             0x0800086d   Thumb Code    24  stm32f4xx_flash.o(i.FLASH_Unlock)
    FLASH_WaitForLastOperation               0x08000891   Thumb Code    34  stm32f4xx_flash.o(i.FLASH_WaitForLastOperation)
    FSMC_NORSRAMCmd                          0x080008b5   Thumb Code    46  stm32f4xx_fsmc.o(i.FSMC_NORSRAMCmd)
    FSMC_NORSRAMInit                         0x080008e9   Thumb Code   230  stm32f4xx_fsmc.o(i.FSMC_NORSRAMInit)
    GPIO_Init                                0x080009cf   Thumb Code   144  stm32f4xx_gpio.o(i.GPIO_Init)
    GPIO_PinAFConfig                         0x08000a5f   Thumb Code    70  stm32f4xx_gpio.o(i.GPIO_PinAFConfig)
    GPIO_ReadInputDataBit                    0x08000aa5   Thumb Code    18  stm32f4xx_gpio.o(i.GPIO_ReadInputDataBit)
    GPIO_ResetBits                           0x08000ab7   Thumb Code     4  stm32f4xx_gpio.o(i.GPIO_ResetBits)
    GPIO_SetBits                             0x08000abb   Thumb Code     4  stm32f4xx_gpio.o(i.GPIO_SetBits)
    GPIO_ToggleBits                          0x08000abf   Thumb Code     8  stm32f4xx_gpio.o(i.GPIO_ToggleBits)
    HardFault_Handler                        0x08000c99   Thumb Code     4  stm32f4xx_it.o(i.HardFault_Handler)
    MemManage_Handler                        0x08000c9d   Thumb Code     4  stm32f4xx_it.o(i.MemManage_Handler)
    NMI_Handler                              0x08000ca1   Thumb Code     2  stm32f4xx_it.o(i.NMI_Handler)
    NVIC_Init                                0x08000ca5   Thumb Code   106  misc.o(i.NVIC_Init)
    ONE_WIRE_PORT_GET                        0x08000d1d   Thumb Code    24  one_wire_hal.o(i.ONE_WIRE_PORT_GET)
    ONE_WIRE_PORT_SET                        0x08000d3d   Thumb Code    42  one_wire_hal.o(i.ONE_WIRE_PORT_SET)
    ONE_WIRE_PORT_SWITCH_TO_RX               0x08000d71   Thumb Code    54  one_wire_hal.o(i.ONE_WIRE_PORT_SWITCH_TO_RX)
    ONE_WIRE_PORT_SWITCH_TO_TX               0x08000db5   Thumb Code    54  one_wire_hal.o(i.ONE_WIRE_PORT_SWITCH_TO_TX)
    PendSV_Handler                           0x08000df9   Thumb Code     2  stm32f4xx_it.o(i.PendSV_Handler)
    RCC_AHB1PeriphClockCmd                   0x08000dfd   Thumb Code    26  stm32f4xx_rcc.o(i.RCC_AHB1PeriphClockCmd)
    RCC_AHB3PeriphClockCmd                   0x08000e1d   Thumb Code    26  stm32f4xx_rcc.o(i.RCC_AHB3PeriphClockCmd)
    RCC_APB1PeriphClockCmd                   0x08000e3d   Thumb Code    26  stm32f4xx_rcc.o(i.RCC_APB1PeriphClockCmd)
    RCC_APB2PeriphClockCmd                   0x08000e5d   Thumb Code    26  stm32f4xx_rcc.o(i.RCC_APB2PeriphClockCmd)
    SVC_Handler                              0x08000e7d   Thumb Code     2  stm32f4xx_it.o(i.SVC_Handler)
    SYSCFG_EXTILineConfig                    0x08000e81   Thumb Code    60  stm32f4xx_syscfg.o(i.SYSCFG_EXTILineConfig)
    SysTick_Handler                          0x08000fad   Thumb Code    44  systick.o(i.SysTick_Handler)
    SystemInit                               0x08000fdd   Thumb Code    88  system_stm32f4xx.o(i.SystemInit)
    TIM3_IRQHandler                          0x08001045   Thumb Code    20  timer3.o(i.TIM3_IRQHandler)
    TIM_ClearITPendingBit                    0x0800105d   Thumb Code     6  stm32f4xx_tim.o(i.TIM_ClearITPendingBit)
    TIM_Cmd                                  0x08001063   Thumb Code    24  stm32f4xx_tim.o(i.TIM_Cmd)
    TIM_GetITStatus                          0x0800107b   Thumb Code    34  stm32f4xx_tim.o(i.TIM_GetITStatus)
    TIM_ITConfig                             0x0800109d   Thumb Code    18  stm32f4xx_tim.o(i.TIM_ITConfig)
    TIM_TimeBaseInit                         0x080010b1   Thumb Code   104  stm32f4xx_tim.o(i.TIM_TimeBaseInit)
    UsageFault_Handler                       0x08001135   Thumb Code     4  stm32f4xx_it.o(i.UsageFault_Handler)
    calculate_crc8                           0x08001139   Thumb Code    16  one_wire_crc.o(i.calculate_crc8)
    cpu2fpga                                 0x0800114d   Thumb Code    28  fpga2cpu_cmd.o(i.cpu2fpga)
    decoder                                  0x0800116d   Thumb Code   526  fpga2cpu_cmd.o(i.decoder)
    delay_ms                                 0x08001391   Thumb Code    18  delay.o(i.delay_ms)
    delay_us                                 0x080013a5   Thumb Code    76  delay.o(i.delay_us)
    get_f_num                                0x080013f9   Thumb Code    24  fpga2cpu_cmd.o(i.get_f_num)
    get_front_prob_num                       0x08001419   Thumb Code    44  fpga2cpu_cmd.o(i.get_front_prob_num)
    get_max_f_num                            0x0800144d   Thumb Code    44  fpga2cpu_cmd.o(i.get_max_f_num)
    get_sample_freq                          0x0800148d   Thumb Code    62  fpga2cpu_cmd.o(i.get_sample_freq)
    getcpuver                                0x080014d5   Thumb Code    12  fpga2cpu_cmd.o(i.getcpuver)
    getf210sn                                0x080014e1   Thumb Code    12  fpga2cpu_cmd.o(i.getf210sn)
    getf543sn                                0x080014ed   Thumb Code    12  fpga2cpu_cmd.o(i.getf543sn)
    getfpgaver                               0x080014f9   Thumb Code    12  fpga2cpu_cmd.o(i.getfpgaver)
    getverinfo                               0x08001505   Thumb Code    60  fpga2cpu_cmd.o(i.getverinfo)
    main                                     0x08001a3d   Thumb Code   110  main.o(i.main)
    one_wire_family_search                   0x08001ad1   Thumb Code    76  one_wire_net.o(i.one_wire_family_search)
    one_wire_family_search_setup             0x08001b1d   Thumb Code    54  one_wire_net.o(i.one_wire_family_search_setup)
    one_wire_read_bit                        0x08001b5d   Thumb Code   120  one_wire_hal.o(i.one_wire_read_bit)
    one_wire_reset                           0x08001bd5   Thumb Code   148  one_wire_hal.o(i.one_wire_reset)
    one_wire_search_next                     0x08001c69   Thumb Code   462  one_wire_net.o(i.one_wire_search_next)
    one_wire_search_rom                      0x08001e41   Thumb Code    20  one_wire_rom_func.o(i.one_wire_search_rom)
    one_wire_set_serial                      0x08001e55   Thumb Code    54  one_wire_net.o(i.one_wire_set_serial)
    one_wire_write_bit                       0x08001e91   Thumb Code   156  one_wire_hal.o(i.one_wire_write_bit)
    one_wire_write_byte                      0x08001f2d   Thumb Code    42  one_wire_hal.o(i.one_wire_write_byte)
    portselect                               0x08001f59   Thumb Code   126  one_wire_hal.o(i.portselect)
    readflash                                0x080020fd   Thumb Code   118  bsp_internalflash.o(i.readflash)
    set_crc8                                 0x08002173   Thumb Code     4  one_wire_crc.o(i.set_crc8)
    set_f_num                                0x08002179   Thumb Code    88  fpga2cpu_cmd.o(i.set_f_num)
    set_f_threshold                          0x080021e1   Thumb Code    88  fpga2cpu_cmd.o(i.set_f_threshold)
    set_impd_test                            0x08002245   Thumb Code   118  fpga2cpu_cmd.o(i.set_impd_test)
    set_max_f_num                            0x080022c9   Thumb Code    50  fpga2cpu_cmd.o(i.set_max_f_num)
    set_sample_freq                          0x0800230d   Thumb Code    88  fpga2cpu_cmd.o(i.set_sample_freq)
    setf210sn                                0x08002371   Thumb Code    16  fpga2cpu_cmd.o(i.setf210sn)
    setf543sn                                0x08002381   Thumb Code    16  fpga2cpu_cmd.o(i.setf543sn)
    setverinfo                               0x08002391   Thumb Code   104  fpga2cpu_cmd.o(i.setverinfo)
    sort                                     0x08002411   Thumb Code    66  adc.o(i.sort)
    task_devicestatus                        0x08002455   Thumb Code   166  fpga2cpu_cmd.o(i.task_devicestatus)
    task_pwtest                              0x08002511   Thumb Code   222  main.o(i.task_pwtest)
    write_status                             0x0800260d   Thumb Code    32  fpga2cpu_cmd.o(i.write_status)
    writeflash                               0x08002635   Thumb Code   146  bsp_internalflash.o(i.writeflash)
    __aeabi_d2f                              0x080026c9   Thumb Code     0  d2f.o(x$fpl$d2f)
    _d2f                                     0x080026c9   Thumb Code    98  d2f.o(x$fpl$d2f)
    __fpl_dcmp_Inf                           0x0800272b   Thumb Code    24  dcmpi.o(x$fpl$dcmpinf)
    __aeabi_ddiv                             0x08002745   Thumb Code     0  ddiv.o(x$fpl$ddiv)
    _ddiv                                    0x08002745   Thumb Code   552  ddiv.o(x$fpl$ddiv)
    __aeabi_ui2d                             0x080029f5   Thumb Code     0  dflt_clz.o(x$fpl$dfltu)
    _dfltu                                   0x080029f5   Thumb Code    38  dflt_clz.o(x$fpl$dfltu)
    __aeabi_cdcmple                          0x08002a1d   Thumb Code     0  dleqf.o(x$fpl$dleqf)
    _dcmple                                  0x08002a1d   Thumb Code   120  dleqf.o(x$fpl$dleqf)
    __fpl_dcmple_InfNaN                      0x08002a7f   Thumb Code     0  dleqf.o(x$fpl$dleqf)
    __aeabi_dmul                             0x08002a95   Thumb Code     0  dmul.o(x$fpl$dmul)
    _dmul                                    0x08002a95   Thumb Code   332  dmul.o(x$fpl$dmul)
    __fpl_dnaninf                            0x08002be9   Thumb Code   156  dnaninf.o(x$fpl$dnaninf)
    __fpl_dretinf                            0x08002c85   Thumb Code    12  dretinf.o(x$fpl$dretinf)
    __aeabi_f2d                              0x08002c91   Thumb Code     0  f2d.o(x$fpl$f2d)
    _f2d                                     0x08002c91   Thumb Code    86  f2d.o(x$fpl$f2d)
    __fpl_fnaninf                            0x08002ce7   Thumb Code   140  fnaninf.o(x$fpl$fnaninf)
    _fp_init                                 0x08002d73   Thumb Code    10  fpinit.o(x$fpl$fpinit)
    __fplib_config_fpu_vfp                   0x08002d7b   Thumb Code     0  fpinit.o(x$fpl$fpinit)
    __fplib_config_pureend_doubles           0x08002d7b   Thumb Code     0  fpinit.o(x$fpl$fpinit)
    __fpl_fretinf                            0x08002d7d   Thumb Code    10  fretinf.o(x$fpl$fretinf)
    __I$use$fp                               0x08002d86   Number         0  usenofp.o(x$fpl$usenofp)
    Region$$Table$$Base                      0x08002d88   Number         0  anon$$obj.o(Region$$Table)
    Region$$Table$$Limit                     0x08002da8   Number         0  anon$$obj.o(Region$$Table)
    fsmc                                     0x20000000   Data           4  fsmc.o(.data)
    led                                      0x20000004   Data           4  led.o(.data)
    SystemCoreClock                          0x20000008   Data           4  system_stm32f4xx.o(.data)
    AHBPrescTable                            0x2000000c   Data          16  system_stm32f4xx.o(.data)
    timer3                                   0x2000001c   Data           4  timer3.o(.data)
    systick                                  0x20000024   Data          16  systick.o(.data)
    exti                                     0x20000034   Data           4  exti.o(.data)
    adc                                      0x2000003c   Data          28  adc.o(.data)
    one_wire_device_num                      0x20000168   Data           4  one_wire_hal.o(.data)
    GPIOx                                    0x2000016c   Data           4  one_wire_hal.o(.data)
    GPIO_Pin                                 0x20000170   Data           2  one_wire_hal.o(.data)
    RCC_AHB1Periph_GPIOx                     0x20000174   Data           4  one_wire_hal.o(.data)
    adconfig                                 0x20000178   Data          12  fpga2cpu_cmd.o(.data)
    statuslen                                0x20000184   Data           4  fpga2cpu_cmd.o(.data)
    adconfig_len                             0x20000188   Data           4  fpga2cpu_cmd.o(.data)
    config_addr0                             0x2000018c   Data           4  fpga2cpu_cmd.o(.data)
    cpu2fpgadata                             0x20000190   Data           4  fpga2cpu_cmd.o(.data)
    cdbuffer                                 0x20000194   Data           4  fpga2cpu_cmd.o(.data)
    pre_chn_cfg                              0x20000198   Data           4  fpga2cpu_cmd.o(.data)
    SN210_OFFSET                             0x2000019c   Data           4  fpga2cpu_cmd.o(.data)
    SN543_OFFSET                             0x200001a0   Data           4  fpga2cpu_cmd.o(.data)
    pre_chn_cfg_OFFSET                       0x200001a4   Data           4  fpga2cpu_cmd.o(.data)
    one_wire_data                            0x200001a8   Data         224  one_wire_hal.o(.bss)
    devicestatus                             0x200002b4   Data          64  fpga2cpu_cmd.o(.bss)
    verinfobuff                              0x200002f4   Data          24  fpga2cpu_cmd.o(.bss)
    probID                                   0x2000030c   Data          66  fpga2cpu_cmd.o(.bss)
    __libspace_start                         0x20000350   Data          96  libspace.o(.bss)
    __temporary_stack_top$libspace           0x200003b0   Data           0  libspace.o(.bss)



==============================================================================

Memory Map of the image

  Image Entry point : 0x08000189

  Load Region LR_IROM1 (Base: 0x08000000, Size: 0x00002f50, Max: 0x00100000, ABSOLUTE, COMPRESSED[0x00002ef4])

    Execution Region ER_IROM1 (Base: 0x08000000, Size: 0x00002da8, Max: 0x00100000, ABSOLUTE)

    Base Addr    Size         Type   Attr      Idx    E Section Name        Object

    0x08000000   0x00000188   Data   RO            3    RESET               startup_stm32f40_41xxx.o
    0x08000188   0x00000008   Code   RO         2983  * !!!main             c_w.l(__main.o)
    0x08000190   0x00000034   Code   RO         3173    !!!scatter          c_w.l(__scatter.o)
    0x080001c4   0x0000005a   Code   RO         3171    !!dczerorl2         c_w.l(__dczerorl2.o)
    0x0800021e   0x00000002   PAD
    0x08000220   0x0000001c   Code   RO         3175    !!handler_zi        c_w.l(__scatter_zi.o)
    0x0800023c   0x00000002   Code   RO         3041    .ARM.Collect$$libinit$$00000000  c_w.l(libinit.o)
    0x0800023e   0x00000004   Code   RO         3047    .ARM.Collect$$libinit$$00000001  c_w.l(libinit2.o)
    0x08000242   0x00000000   Code   RO         3050    .ARM.Collect$$libinit$$00000004  c_w.l(libinit2.o)
    0x08000242   0x00000000   Code   RO         3053    .ARM.Collect$$libinit$$0000000A  c_w.l(libinit2.o)
    0x08000242   0x00000000   Code   RO         3055    .ARM.Collect$$libinit$$0000000C  c_w.l(libinit2.o)
    0x08000242   0x00000000   Code   RO         3057    .ARM.Collect$$libinit$$0000000E  c_w.l(libinit2.o)
    0x08000242   0x00000000   Code   RO         3060    .ARM.Collect$$libinit$$00000011  c_w.l(libinit2.o)
    0x08000242   0x00000000   Code   RO         3062    .ARM.Collect$$libinit$$00000013  c_w.l(libinit2.o)
    0x08000242   0x00000000   Code   RO         3064    .ARM.Collect$$libinit$$00000015  c_w.l(libinit2.o)
    0x08000242   0x00000000   Code   RO         3066    .ARM.Collect$$libinit$$00000017  c_w.l(libinit2.o)
    0x08000242   0x00000000   Code   RO         3068    .ARM.Collect$$libinit$$00000019  c_w.l(libinit2.o)
    0x08000242   0x00000000   Code   RO         3070    .ARM.Collect$$libinit$$0000001B  c_w.l(libinit2.o)
    0x08000242   0x00000000   Code   RO         3072    .ARM.Collect$$libinit$$0000001D  c_w.l(libinit2.o)
    0x08000242   0x00000000   Code   RO         3074    .ARM.Collect$$libinit$$0000001F  c_w.l(libinit2.o)
    0x08000242   0x00000000   Code   RO         3076    .ARM.Collect$$libinit$$00000021  c_w.l(libinit2.o)
    0x08000242   0x00000000   Code   RO         3078    .ARM.Collect$$libinit$$00000023  c_w.l(libinit2.o)
    0x08000242   0x00000000   Code   RO         3080    .ARM.Collect$$libinit$$00000025  c_w.l(libinit2.o)
    0x08000242   0x00000000   Code   RO         3084    .ARM.Collect$$libinit$$0000002C  c_w.l(libinit2.o)
    0x08000242   0x00000000   Code   RO         3086    .ARM.Collect$$libinit$$0000002E  c_w.l(libinit2.o)
    0x08000242   0x00000000   Code   RO         3088    .ARM.Collect$$libinit$$00000030  c_w.l(libinit2.o)
    0x08000242   0x00000000   Code   RO         3090    .ARM.Collect$$libinit$$00000032  c_w.l(libinit2.o)
    0x08000242   0x00000002   Code   RO         3091    .ARM.Collect$$libinit$$00000033  c_w.l(libinit2.o)
    0x08000244   0x00000002   Code   RO         3111    .ARM.Collect$$libshutdown$$00000000  c_w.l(libshutdown.o)
    0x08000246   0x00000000   Code   RO         3124    .ARM.Collect$$libshutdown$$00000002  c_w.l(libshutdown2.o)
    0x08000246   0x00000000   Code   RO         3126    .ARM.Collect$$libshutdown$$00000004  c_w.l(libshutdown2.o)
    0x08000246   0x00000000   Code   RO         3129    .ARM.Collect$$libshutdown$$00000007  c_w.l(libshutdown2.o)
    0x08000246   0x00000000   Code   RO         3132    .ARM.Collect$$libshutdown$$0000000A  c_w.l(libshutdown2.o)
    0x08000246   0x00000000   Code   RO         3134    .ARM.Collect$$libshutdown$$0000000C  c_w.l(libshutdown2.o)
    0x08000246   0x00000000   Code   RO         3137    .ARM.Collect$$libshutdown$$0000000F  c_w.l(libshutdown2.o)
    0x08000246   0x00000002   Code   RO         3138    .ARM.Collect$$libshutdown$$00000010  c_w.l(libshutdown2.o)
    0x08000248   0x00000000   Code   RO         3003    .ARM.Collect$$rtentry$$00000000  c_w.l(__rtentry.o)
    0x08000248   0x00000000   Code   RO         3018    .ARM.Collect$$rtentry$$00000002  c_w.l(__rtentry2.o)
    0x08000248   0x00000006   Code   RO         3030    .ARM.Collect$$rtentry$$00000004  c_w.l(__rtentry4.o)
    0x0800024e   0x00000000   Code   RO         3020    .ARM.Collect$$rtentry$$00000009  c_w.l(__rtentry2.o)
    0x0800024e   0x00000004   Code   RO         3021    .ARM.Collect$$rtentry$$0000000A  c_w.l(__rtentry2.o)
    0x08000252   0x00000000   Code   RO         3023    .ARM.Collect$$rtentry$$0000000C  c_w.l(__rtentry2.o)
    0x08000252   0x00000008   Code   RO         3024    .ARM.Collect$$rtentry$$0000000D  c_w.l(__rtentry2.o)
    0x0800025a   0x00000002   Code   RO         3045    .ARM.Collect$$rtexit$$00000000  c_w.l(rtexit.o)
    0x0800025c   0x00000000   Code   RO         3093    .ARM.Collect$$rtexit$$00000002  c_w.l(rtexit2.o)
    0x0800025c   0x00000004   Code   RO         3094    .ARM.Collect$$rtexit$$00000003  c_w.l(rtexit2.o)
    0x08000260   0x00000006   Code   RO         3095    .ARM.Collect$$rtexit$$00000004  c_w.l(rtexit2.o)
    0x08000266   0x00000002   PAD
    0x08000268   0x00000040   Code   RO            4    .text               startup_stm32f40_41xxx.o
    0x080002a8   0x0000008a   Code   RO         2975    .text               c_w.l(rt_memcpy_v6.o)
    0x08000332   0x00000044   Code   RO         2977    .text               c_w.l(rt_memclr.o)
    0x08000376   0x0000004e   Code   RO         2979    .text               c_w.l(rt_memclr_w.o)
    0x080003c4   0x00000006   Code   RO         2981    .text               c_w.l(heapauxi.o)
    0x080003ca   0x00000064   Code   RO         3004    .text               c_w.l(rt_memcpy_w.o)
    0x0800042e   0x0000004a   Code   RO         3032    .text               c_w.l(sys_stackheap_outer.o)
    0x08000478   0x00000012   Code   RO         3034    .text               c_w.l(exit.o)
    0x0800048a   0x00000002   PAD
    0x0800048c   0x00000008   Code   RO         3042    .text               c_w.l(libspace.o)
    0x08000494   0x0000000c   Code   RO         3103    .text               c_w.l(sys_exit.o)
    0x080004a0   0x00000002   Code   RO         3114    .text               c_w.l(use_no_semi.o)
    0x080004a2   0x00000000   Code   RO         3116    .text               c_w.l(indicate_semi.o)
    0x080004a2   0x00000016   Code   RO         2736    i.ADC_Cmd           stm32f4xx_adc.o
    0x080004b8   0x00000030   Code   RO         2737    i.ADC_CommonInit    stm32f4xx_adc.o
    0x080004e8   0x00000008   Code   RO         2748    i.ADC_GetConversionValue  stm32f4xx_adc.o
    0x080004f0   0x00000012   Code   RO         2749    i.ADC_GetFlagStatus  stm32f4xx_adc.o
    0x08000502   0x00000002   PAD
    0x08000504   0x00000054   Code   RO         2756    i.ADC_Init          stm32f4xx_adc.o
    0x08000558   0x000000b8   Code   RO         2761    i.ADC_RegularChannelConfig  stm32f4xx_adc.o
    0x08000610   0x0000000a   Code   RO         2763    i.ADC_SoftwareStartConv  stm32f4xx_adc.o
    0x0800061a   0x00000004   Code   RO          300    i.BusFault_Handler  stm32f4xx_it.o
    0x0800061e   0x00000002   Code   RO          301    i.DebugMon_Handler  stm32f4xx_it.o
    0x08000620   0x0000004c   Code   RO          491    i.EXTI9_5_IRQHandler  exti.o
    0x0800066c   0x0000000c   Code   RO         2407    i.EXTI_ClearITPendingBit  stm32f4xx_exti.o
    0x08000678   0x00000018   Code   RO         2411    i.EXTI_GetITStatus  stm32f4xx_exti.o
    0x08000690   0x00000094   Code   RO         2412    i.EXTI_Init         stm32f4xx_exti.o
    0x08000724   0x0000000c   Code   RO         2472    i.FLASH_ClearFlag   stm32f4xx_flash.o
    0x08000730   0x00000088   Code   RO         2478    i.FLASH_EraseSector  stm32f4xx_flash.o
    0x080007b8   0x00000054   Code   RO         2480    i.FLASH_GetStatus   stm32f4xx_flash.o
    0x0800080c   0x00000014   Code   RO         2484    i.FLASH_Lock        stm32f4xx_flash.o
    0x08000820   0x0000004c   Code   RO         2505    i.FLASH_ProgramByte  stm32f4xx_flash.o
    0x0800086c   0x00000024   Code   RO         2510    i.FLASH_Unlock      stm32f4xx_flash.o
    0x08000890   0x00000022   Code   RO         2511    i.FLASH_WaitForLastOperation  stm32f4xx_flash.o
    0x080008b2   0x00000002   PAD
    0x080008b4   0x00000034   Code   RO         1216    i.FSMC_NORSRAMCmd   stm32f4xx_fsmc.o
    0x080008e8   0x000000e6   Code   RO         1218    i.FSMC_NORSRAMInit  stm32f4xx_fsmc.o
    0x080009ce   0x00000090   Code   RO         1341    i.GPIO_Init         stm32f4xx_gpio.o
    0x08000a5e   0x00000046   Code   RO         1342    i.GPIO_PinAFConfig  stm32f4xx_gpio.o
    0x08000aa4   0x00000012   Code   RO         1345    i.GPIO_ReadInputDataBit  stm32f4xx_gpio.o
    0x08000ab6   0x00000004   Code   RO         1348    i.GPIO_ResetBits    stm32f4xx_gpio.o
    0x08000aba   0x00000004   Code   RO         1349    i.GPIO_SetBits      stm32f4xx_gpio.o
    0x08000abe   0x00000008   Code   RO         1351    i.GPIO_ToggleBits   stm32f4xx_gpio.o
    0x08000ac6   0x00000002   PAD
    0x08000ac8   0x000001d0   Code   RO          533    i.GetSector         bsp_internalflash.o
    0x08000c98   0x00000004   Code   RO          302    i.HardFault_Handler  stm32f4xx_it.o
    0x08000c9c   0x00000004   Code   RO          303    i.MemManage_Handler  stm32f4xx_it.o
    0x08000ca0   0x00000002   Code   RO          304    i.NMI_Handler       stm32f4xx_it.o
    0x08000ca2   0x00000002   PAD
    0x08000ca4   0x00000078   Code   RO         1157    i.NVIC_Init         misc.o
    0x08000d1c   0x00000020   Code   RO          694    i.ONE_WIRE_PORT_GET  one_wire_hal.o
    0x08000d3c   0x00000034   Code   RO          695    i.ONE_WIRE_PORT_SET  one_wire_hal.o
    0x08000d70   0x00000044   Code   RO          696    i.ONE_WIRE_PORT_SWITCH_TO_RX  one_wire_hal.o
    0x08000db4   0x00000044   Code   RO          697    i.ONE_WIRE_PORT_SWITCH_TO_TX  one_wire_hal.o
    0x08000df8   0x00000002   Code   RO          305    i.PendSV_Handler    stm32f4xx_it.o
    0x08000dfa   0x00000002   PAD
    0x08000dfc   0x00000020   Code   RO         1442    i.RCC_AHB1PeriphClockCmd  stm32f4xx_rcc.o
    0x08000e1c   0x00000020   Code   RO         1448    i.RCC_AHB3PeriphClockCmd  stm32f4xx_rcc.o
    0x08000e3c   0x00000020   Code   RO         1451    i.RCC_APB1PeriphClockCmd  stm32f4xx_rcc.o
    0x08000e5c   0x00000020   Code   RO         1454    i.RCC_APB2PeriphClockCmd  stm32f4xx_rcc.o
    0x08000e7c   0x00000002   Code   RO          306    i.SVC_Handler       stm32f4xx_it.o
    0x08000e7e   0x00000002   PAD
    0x08000e80   0x00000040   Code   RO         1783    i.SYSCFG_EXTILineConfig  stm32f4xx_syscfg.o
    0x08000ec0   0x000000ec   Code   RO          369    i.SetSysClock       system_stm32f4xx.o
    0x08000fac   0x00000030   Code   RO          449    i.SysTick_Handler   systick.o
    0x08000fdc   0x00000068   Code   RO          371    i.SystemInit        system_stm32f4xx.o
    0x08001044   0x00000018   Code   RO          410    i.TIM3_IRQHandler   timer3.o
    0x0800105c   0x00000006   Code   RO         1851    i.TIM_ClearITPendingBit  stm32f4xx_tim.o
    0x08001062   0x00000018   Code   RO         1856    i.TIM_Cmd           stm32f4xx_tim.o
    0x0800107a   0x00000022   Code   RO         1877    i.TIM_GetITStatus   stm32f4xx_tim.o
    0x0800109c   0x00000012   Code   RO         1881    i.TIM_ITConfig      stm32f4xx_tim.o
    0x080010ae   0x00000002   PAD
    0x080010b0   0x00000084   Code   RO         1928    i.TIM_TimeBaseInit  stm32f4xx_tim.o
    0x08001134   0x00000004   Code   RO          307    i.UsageFault_Handler  stm32f4xx_it.o
    0x08001138   0x00000014   Code   RO          654    i.calculate_crc8    one_wire_crc.o
    0x0800114c   0x00000020   Code   RO          974    i.cpu2fpga          fpga2cpu_cmd.o
    0x0800116c   0x00000224   Code   RO          975    i.decoder           fpga2cpu_cmd.o
    0x08001390   0x00000012   Code   RO          944    i.delay_ms          delay.o
    0x080013a2   0x00000002   PAD
    0x080013a4   0x00000054   Code   RO          945    i.delay_us          delay.o
    0x080013f8   0x00000020   Code   RO          977    i.get_f_num         fpga2cpu_cmd.o
    0x08001418   0x00000034   Code   RO          978    i.get_front_prob_num  fpga2cpu_cmd.o
    0x0800144c   0x00000040   Code   RO          979    i.get_max_f_num     fpga2cpu_cmd.o
    0x0800148c   0x00000048   Code   RO          980    i.get_sample_freq   fpga2cpu_cmd.o
    0x080014d4   0x0000000c   Code   RO          981    i.getcpuver         fpga2cpu_cmd.o
    0x080014e0   0x0000000c   Code   RO          982    i.getf210sn         fpga2cpu_cmd.o
    0x080014ec   0x0000000c   Code   RO          983    i.getf543sn         fpga2cpu_cmd.o
    0x080014f8   0x0000000c   Code   RO          984    i.getfpgaver        fpga2cpu_cmd.o
    0x08001504   0x0000004c   Code   RO          986    i.getverinfo        fpga2cpu_cmd.o
    0x08001550   0x000002b8   Code   RO          233    i.initialize        fsmc.o
    0x08001808   0x00000078   Code   RO          268    i.initialize        led.o
    0x08001880   0x00000064   Code   RO          411    i.initialize        timer3.o
    0x080018e4   0x00000068   Code   RO          450    i.initialize        systick.o
    0x0800194c   0x0000007c   Code   RO          492    i.initialize        exti.o
    0x080019c8   0x00000074   Code   RO          613    i.initialize        adc.o
    0x08001a3c   0x00000094   Code   RO           17    i.main              main.o
    0x08001ad0   0x0000004c   Code   RO          792    i.one_wire_family_search  one_wire_net.o
    0x08001b1c   0x00000040   Code   RO          793    i.one_wire_family_search_setup  one_wire_net.o
    0x08001b5c   0x00000078   Code   RO          699    i.one_wire_read_bit  one_wire_hal.o
    0x08001bd4   0x00000094   Code   RO          701    i.one_wire_reset    one_wire_hal.o
    0x08001c68   0x000001d8   Code   RO          797    i.one_wire_search_next  one_wire_net.o
    0x08001e40   0x00000014   Code   RO          884    i.one_wire_search_rom  one_wire_rom_func.o
    0x08001e54   0x0000003c   Code   RO          798    i.one_wire_set_serial  one_wire_net.o
    0x08001e90   0x0000009c   Code   RO          702    i.one_wire_write_bit  one_wire_hal.o
    0x08001f2c   0x0000002a   Code   RO          703    i.one_wire_write_byte  one_wire_hal.o
    0x08001f56   0x00000002   PAD
    0x08001f58   0x00000098   Code   RO          704    i.portselect        one_wire_hal.o
    0x08001ff0   0x0000010c   Code   RO          614    i.read_adc          adc.o
    0x080020fc   0x00000076   Code   RO          535    i.readflash         bsp_internalflash.o
    0x08002172   0x00000004   Code   RO          656    i.set_crc8          one_wire_crc.o
    0x08002176   0x00000002   PAD
    0x08002178   0x00000068   Code   RO          987    i.set_f_num         fpga2cpu_cmd.o
    0x080021e0   0x00000064   Code   RO          988    i.set_f_threshold   fpga2cpu_cmd.o
    0x08002244   0x00000084   Code   RO          989    i.set_impd_test     fpga2cpu_cmd.o
    0x080022c8   0x00000044   Code   RO          990    i.set_max_f_num     fpga2cpu_cmd.o
    0x0800230c   0x00000064   Code   RO          991    i.set_sample_freq   fpga2cpu_cmd.o
    0x08002370   0x00000010   Code   RO          992    i.setf210sn         fpga2cpu_cmd.o
    0x08002380   0x00000010   Code   RO          993    i.setf543sn         fpga2cpu_cmd.o
    0x08002390   0x00000080   Code   RO          994    i.setverinfo        fpga2cpu_cmd.o
    0x08002410   0x00000042   Code   RO          615    i.sort              adc.o
    0x08002452   0x00000002   PAD
    0x08002454   0x000000bc   Code   RO          995    i.task_devicestatus  fpga2cpu_cmd.o
    0x08002510   0x000000fc   Code   RO           20    i.task_pwtest       main.o
    0x0800260c   0x00000028   Code   RO          996    i.write_status      fpga2cpu_cmd.o
    0x08002634   0x00000092   Code   RO          537    i.writeflash        bsp_internalflash.o
    0x080026c6   0x00000002   PAD
    0x080026c8   0x00000062   Code   RO         2985    x$fpl$d2f           fz_wm.l(d2f.o)
    0x0800272a   0x00000018   Code   RO         3006    x$fpl$dcmpinf       fz_wm.l(dcmpi.o)
    0x08002742   0x00000002   PAD
    0x08002744   0x000002b0   Code   RO         2988    x$fpl$ddiv          fz_wm.l(ddiv.o)
    0x080029f4   0x00000026   Code   RO         2991    x$fpl$dfltu         fz_wm.l(dflt_clz.o)
    0x08002a1a   0x00000002   PAD
    0x08002a1c   0x00000078   Code   RO         2997    x$fpl$dleqf         fz_wm.l(dleqf.o)
    0x08002a94   0x00000154   Code   RO         2999    x$fpl$dmul          fz_wm.l(dmul.o)
    0x08002be8   0x0000009c   Code   RO         3008    x$fpl$dnaninf       fz_wm.l(dnaninf.o)
    0x08002c84   0x0000000c   Code   RO         3010    x$fpl$dretinf       fz_wm.l(dretinf.o)
    0x08002c90   0x00000056   Code   RO         3001    x$fpl$f2d           fz_wm.l(f2d.o)
    0x08002ce6   0x0000008c   Code   RO         3012    x$fpl$fnaninf       fz_wm.l(fnaninf.o)
    0x08002d72   0x0000000a   Code   RO         3101    x$fpl$fpinit        fz_wm.l(fpinit.o)
    0x08002d7c   0x0000000a   Code   RO         3014    x$fpl$fretinf       fz_wm.l(fretinf.o)
    0x08002d86   0x00000000   Code   RO         3016    x$fpl$usenofp       fz_wm.l(usenofp.o)
    0x08002d86   0x00000002   PAD
    0x08002d88   0x00000020   Data   RO         3169    Region$$Table       anon$$obj.o


    Execution Region RW_IRAM1 (Base: 0x20000000, Size: 0x000065b0, Max: 0x00020000, ABSOLUTE, COMPRESSED[0x0000014c])

    Base Addr    Size         Type   Attr      Idx    E Section Name        Object

    0x20000000   0x00000004   Data   RW          234    .data               fsmc.o
    0x20000004   0x00000004   Data   RW          269    .data               led.o
    0x20000008   0x00000014   Data   RW          372    .data               system_stm32f4xx.o
    0x2000001c   0x00000008   Data   RW          412    .data               timer3.o
    0x20000024   0x00000010   Data   RW          451    .data               systick.o
    0x20000034   0x00000008   Data   RW          493    .data               exti.o
    0x2000003c   0x0000001c   Data   RW          616    .data               adc.o
    0x20000058   0x00000110   Data   RW          657    .data               one_wire_crc.o
    0x20000168   0x00000010   Data   RW          706    .data               one_wire_hal.o
    0x20000178   0x00000030   Data   RW          998    .data               fpga2cpu_cmd.o
    0x200001a8   0x000000e0   Zero   RW          705    .bss                one_wire_hal.o
    0x20000288   0x0000002c   Zero   RW          801    .bss                one_wire_net.o
    0x200002b4   0x0000009a   Zero   RW          997    .bss                fpga2cpu_cmd.o
    0x2000034e   0x00000002   PAD
    0x20000350   0x00000060   Zero   RW         3043    .bss                c_w.l(libspace.o)
    0x200003b0   0x00000200   Zero   RW            2    HEAP                startup_stm32f40_41xxx.o
    0x200005b0   0x00006000   Zero   RW            1    STACK               startup_stm32f40_41xxx.o


==============================================================================

Image component sizes


      Code (inc. data)   RO Data    RW Data    ZI Data      Debug   Object Name

       450         36          0         28          0      16453   adc.o
       728         90          0          0          0       3537   bsp_internalflash.o
       102          8          0          0          0       1114   delay.o
       200          4          0          8          0       1660   exti.o
      1816        274          0         48        154      14228   fpga2cpu_cmd.o
       696         22          0          4          0       8431   fsmc.o
       120         10          0          4          0       8590   led.o
       400         68          0          0          0     287537   main.o
       120         14          0          0          0        920   misc.o
        24          4          0        272          0       2552   one_wire_crc.o
       838         72          0         16        224      13835   one_wire_hal.o
       672         26          0          0         44       4601   one_wire_net.o
        20          0          0          0          0       1018   one_wire_rom_func.o
        64         26        392          0      25088        828   startup_stm32f40_41xxx.o
       374         24          0          0          0       5214   stm32f4xx_adc.o
       184         16          0          0          0       1928   stm32f4xx_exti.o
       398         40          0          0          0       4161   stm32f4xx_flash.o
       282          6          0          0          0       1693   stm32f4xx_fsmc.o
       248          0          0          0          0       3789   stm32f4xx_gpio.o
        24          0          0          0          0       3432   stm32f4xx_it.o
       128         24          0          0          0       2196   stm32f4xx_rcc.o
        64          4          0          0          0        612   stm32f4xx_syscfg.o
       214         28          0          0          0       3418   stm32f4xx_tim.o
       340         32          0         20          0       1669   system_stm32f4xx.o
       152         16          0         16          0      28279   systick.o
       124          8          0          8          0       1499   timer3.o

    ----------------------------------------------------------------------
      8806        852        424        424      25512     423194   Object Totals
         0          0         32          0          0          0   (incl. Generated)
        24          0          0          0          2          0   (incl. Padding)

    ----------------------------------------------------------------------

      Code (inc. data)   RO Data    RW Data    ZI Data      Debug   Library Member Name

        90          0          0          0          0          0   __dczerorl2.o
         8          0          0          0          0         68   __main.o
         0          0          0          0          0          0   __rtentry.o
        12          0          0          0          0          0   __rtentry2.o
         6          0          0          0          0          0   __rtentry4.o
        52          8          0          0          0          0   __scatter.o
        28          0          0          0          0          0   __scatter_zi.o
        18          0          0          0          0         80   exit.o
         6          0          0          0          0        152   heapauxi.o
         0          0          0          0          0          0   indicate_semi.o
         2          0          0          0          0          0   libinit.o
         6          0          0          0          0          0   libinit2.o
         2          0          0          0          0          0   libshutdown.o
         2          0          0          0          0          0   libshutdown2.o
         8          4          0          0         96         68   libspace.o
        68          0          0          0          0         68   rt_memclr.o
        78          0          0          0          0         80   rt_memclr_w.o
       138          0          0          0          0         68   rt_memcpy_v6.o
       100          0          0          0          0         80   rt_memcpy_w.o
         2          0          0          0          0          0   rtexit.o
        10          0          0          0          0          0   rtexit2.o
        12          4          0          0          0         68   sys_exit.o
        74          0          0          0          0         80   sys_stackheap_outer.o
         2          0          0          0          0         68   use_no_semi.o
        98          4          0          0          0        140   d2f.o
        24          0          0          0          0        116   dcmpi.o
       688        140          0          0          0        256   ddiv.o
        38          0          0          0          0        116   dflt_clz.o
       120          4          0          0          0        140   dleqf.o
       340         12          0          0          0        152   dmul.o
       156          4          0          0          0        140   dnaninf.o
        12          0          0          0          0        116   dretinf.o
        86          4          0          0          0        132   f2d.o
       140          4          0          0          0        132   fnaninf.o
        10          0          0          0          0        116   fpinit.o
        10          0          0          0          0        116   fretinf.o
         0          0          0          0          0          0   usenofp.o

    ----------------------------------------------------------------------
      2458        188          0          0         96       2552   Library Totals
        12          0          0          0          0          0   (incl. Padding)

    ----------------------------------------------------------------------

      Code (inc. data)   RO Data    RW Data    ZI Data      Debug   Library Name

       724         16          0          0         96        880   c_w.l
      1722        172          0          0          0       1672   fz_wm.l

    ----------------------------------------------------------------------
      2458        188          0          0         96       2552   Library Totals

    ----------------------------------------------------------------------

==============================================================================


      Code (inc. data)   RO Data    RW Data    ZI Data      Debug   

     11264       1040        424        424      25608     414782   Grand Totals
     11264       1040        424        332      25608     414782   ELF Image Totals (compressed)
     11264       1040        424        332          0          0   ROM Totals

==============================================================================

    Total RO  Size (Code + RO Data)                11688 (  11.41kB)
    Total RW  Size (RW Data + ZI Data)             26032 (  25.42kB)
    Total ROM Size (Code + RO Data + RW Data)      12020 (  11.74kB)

==============================================================================

